CLIB_FOPEN_MAX                  = $FFFFFFFF ; L crt0_base
ASMDISP_STRREV                  = $0000 ; G strrev
CLIB_EXIT_STACK_SIZE            = $0000 ; L crt0_base
CLIB_MALLOC_HEAP_SIZE           = $0000 ; L crt0_base
CLIB_STDIO_HEAP_SIZE            = $0000 ; L crt0_base
CRT_ENABLE_CLOSE                = $0000 ; L crt0_base
CRT_Z88_BADPAGES                = $0000 ; L crt0_base
CRT_Z88_EXPANDED                = $0000 ; L crt0_base
CRT_ENABLE_RESTART              = $0001 ; L crt0_base
DEFINED_CLIB_EXIT_STACK_SIZE    = $0001 ; L crt0_base
DEFINED_CLIB_FOPEN_MAX          = $0001 ; L crt0_base
DEFINED_CLIB_MALLOC_HEAP_SIZE   = $0001 ; L crt0_base
DEFINED_CLIB_STDIO_HEAP_SIZE    = $0001 ; L crt0_base
DEFINED_CRT_ENABLE_CLOSE        = $0001 ; L crt0_base
DEFINED_CRT_ENABLE_RESTART      = $0001 ; L crt0_base
DEFINED_CRT_Z88_BADPAGES        = $0001 ; L crt0_base
DEFINED_CRT_Z88_EXPANDED        = $0001 ; L crt0_base
DEFINED_STACKPTR                = $0001 ; L crt0_base
DEFINED_startup                 = $0001 ; L crt0_base
NEED_floatpack                  = $0001 ; L crt0_base
startup                         = $0001 ; L crt0_base
ASMDISP_MEMSET_CALLEE           = $0004 ; G memset_callee
ASMDISP_STRNCMP_CALLEE          = $0004 ; G strncmp_callee
L_DIVENTRY                      = $0004 ; G l_div_u
ASMDISP_ITOA_CALLEE             = $0005 ; G itoa_callee
ASMDISP_UTOA_CALLEE             = $0005 ; G utoa_callee
LIBDISP_ITOA_CALLEE             = $0024 ; G itoa_callee
__code_clib_size                = $00CC ; G 
__code_crt0_sccz80_size         = $011A ; G 
__bss_compiler_size             = $014F ; G 
__data_compiler_size            = $08C3 ; G 
__rodata_compiler_size          = $2E56 ; G 
__code_compiler_size            = $43F5 ; G 
STACKPTR                        = $5E88 ; L crt0_base
__head                          = $5E88 ; G 
_reynolds                       = $5E9B ; L printlib
_print_string                   = $619B ; G printlib
Print_String_0                  = $61A5 ; L printlib
_print_char                     = $61B2 ; G printlib
Get_Char_Address                = $61C1 ; L printlib
Get_Pixel_Address               = $61D1 ; L printlib
Pixel_Address_Down              = $61F1 ; L printlib
Pixel_Address_Up                = $6200 ; L printlib
Print_Char                      = $6211 ; L printlib
Print_Char_1                    = $6229 ; L printlib
_set_attr                       = $6232 ; G printlib
_L01_img                        = $624B ; G juego_compressed
_L02_img                        = $664C ; G juego_compressed
_L03_img                        = $69C3 ; G juego_compressed
_L04_img                        = $6C78 ; G juego_compressed
_L05_img                        = $6F99 ; G juego_compressed
_L06_img                        = $736D ; G juego_compressed
_L07_img                        = $7618 ; G juego_compressed
_Europa_img                     = $79B1 ; G juego_compressed
dzx7AgileRCS_callee             = $7C6E ; G dzx7AgileRCS_callee
asm_dzx7AgileRCS                = $7C71 ; G dzx7AgileRCS_callee
dzx7_agilercs                   = $7C71 ; L dzx7AgileRCS_callee
dzx7a_copy_byte_loop1           = $7C73 ; L dzx7AgileRCS_callee
dzx7a_main_loop1                = $7C77 ; L dzx7AgileRCS_callee
dzx7a_copy_byte_loop            = $7C80 ; L dzx7AgileRCS_callee
dzx7a_main_loop                 = $7C82 ; L dzx7AgileRCS_callee
dzx7a_len_size_start            = $7C88 ; L dzx7AgileRCS_callee
dzx7a_len_size_loop             = $7C8D ; L dzx7AgileRCS_callee
dzx7a_len_value_loop            = $7C97 ; L dzx7AgileRCS_callee
dzx7a_len_value_start           = $7CA1 ; L dzx7AgileRCS_callee
dzx7a_offset_end                = $7CC5 ; L dzx7AgileRCS_callee
dzx7a_copy_bytes                = $7CD9 ; L dzx7AgileRCS_callee
dzx7a_load_bits                 = $7CEA ; L dzx7AgileRCS_callee
dzx7a_copy_byte                 = $7CEE ; L dzx7AgileRCS_callee
dzx7a_exit                      = $7CF4 ; L dzx7AgileRCS_callee
dzx7a_convert                   = $7CF7 ; L dzx7AgileRCS_callee
stdio_error_zc                  = $7D08 ; G stdio_error_zc
stdio_basechar                  = $7D0D ; G stdio_basechar
__code_compiler_head            = $7D31 ; G 
_setRAMPage                     = $7D31 ; G X__libgfx_libgfx
_setRAMBack                     = $7D32 ; G X__libgfx_libgfx
_drawVline                      = $7D33 ; G X__libgfx_libgfx
_drawHline                      = $7D34 ; G X__libgfx_libgfx
_drawline                       = $7D35 ; G X__libgfx_libgfx
_scrollArriba                   = $7D36 ; G X__libgfx_libgfx
SA1start                        = $7D42 ; L X__libgfx_libgfx
SA1loops                        = $7D71 ; L X__libgfx_libgfx
SA1loop                         = $7D73 ; L X__libgfx_libgfx
notfillzero                     = $7D7D ; L X__libgfx_libgfx
nextscan                        = $7D8A ; L X__libgfx_libgfx
nextrow                         = $7D93 ; L X__libgfx_libgfx
_drawRectangle                  = $7DA4 ; G X__libgfx_libgfx
_clsScreen                      = $7DA5 ; G X__libgfx_libgfx
_drawGFX                        = $7DA6 ; G X__libgfx_libgfx
_drawSprite                     = $7DA7 ; G X__libgfx_libgfx
Wait_For_Keys_Pressed           = $7DAF ; L X__libgfx_libgfx
_waitForAnyKey                  = $7DAF ; G X__libgfx_libgfx
Wait_For_Keys_NotPressed        = $7DB8 ; L X__libgfx_libgfx
_waitForNoKey                   = $7DB8 ; G X__libgfx_libgfx
_randomNumber                   = $7DC1 ; G X__libgfx_libgfx
Read_Keyboard                   = $7DC2 ; L X__libgfx_libgfx
_getKey                         = $7DC2 ; G X__libgfx_libgfx
Read_Keyboard_0                 = $7DCC ; L X__libgfx_libgfx
Read_Keyboard_1                 = $7DD4 ; L X__libgfx_libgfx
nokey                           = $7DE2 ; L X__libgfx_libgfx
Read_Keyboard_2                 = $7DEC ; L X__libgfx_libgfx
Return_Keyboard                 = $7DF9 ; L X__libgfx_libgfx
Keyboard_Map                    = $7DFD ; L X__libgfx_libgfx
_clearchar                      = $7E2E ; G X__libgfx_libgfx
_clear_screen                   = $7E61 ; G X__libgfx_libgfx
_putpixel                       = $7E8B ; G X__libgfx_libgfx
_fzx_setat                      = $7E8C ; G X__libgfx_libgfx
_fzx_putc                       = $7EA6 ; G X__libgfx_libgfx
_fzx_puts                       = $7EBE ; G X__libgfx_libgfx
_initParser                     = $7ED5 ; G parser
i_17                            = $7F3B ; L parser
i_20                            = $7F9B ; L parser
i_19                            = $7FA3 ; L parser
i_18                            = $7FA6 ; L parser
i_22                            = $7FAD ; L parser
i_23                            = $7FE9 ; L parser
i_24                            = $7FF0 ; L parser
i_25                            = $800D ; L parser
_ParserLoop                     = $801B ; G parser
i_26                            = $801D ; L parser
i_30                            = $80B2 ; L parser
i_32                            = $80CB ; L parser
i_34                            = $80D0 ; L parser
i_36                            = $811E ; L parser
i_37_i_36                       = $8121 ; L parser
i_35                            = $813F ; L parser
i_33                            = $8142 ; L parser
i_31                            = $8145 ; L parser
i_29                            = $8168 ; L parser
i_28                            = $816E ; L parser
i_38                            = $816E ; L parser
i_39                            = $818B ; L parser
i_27                            = $8199 ; L parser
_ACCNextWord                    = $819C ; G parser
i_40                            = $81B4 ; L parser
i_42                            = $81CA ; L parser
i_43_i_42                       = $81CD ; L parser
i_45                            = $8219 ; L parser
i_44                            = $8225 ; L parser
i_47                            = $822A ; L parser
i_41                            = $8235 ; L parser
i_48                            = $8256 ; L parser
i_49                            = $825C ; L parser
_ACCGetWord                     = $825F ; G parser
i_50                            = $826E ; L parser
i_52                            = $828C ; L parser
i_53_i_52                       = $828F ; L parser
i_51                            = $8295 ; L parser
_parse                          = $8296 ; G parser
i_54                            = $82C8 ; L parser
i_57                            = $82F3 ; L parser
i_58_i_57                       = $82F6 ; L parser
i_56                            = $82F9 ; L parser
i_61                            = $8319 ; L parser
i_62_i_61                       = $831C ; L parser
i_60                            = $831F ; L parser
i_65                            = $833F ; L parser
i_66_i_65                       = $8342 ; L parser
i_64                            = $8345 ; L parser
i_69                            = $8365 ; L parser
i_70_i_69                       = $8368 ; L parser
i_68                            = $836B ; L parser
i_59                            = $838B ; L parser
i_63                            = $838B ; L parser
i_67                            = $838B ; L parser
i_71                            = $838B ; L parser
i_72                            = $838B ; L parser
i_73                            = $838B ; L parser
i_74_i_73                       = $838B ; L parser
i_76                            = $839D ; L parser
i_77_i_76                       = $83A0 ; L parser
i_75                            = $83B1 ; L parser
i_55                            = $83B4 ; L parser
_writeValue                     = $83B5 ; G parser
_buscador                       = $83DC ; G parser
i_78                            = $83EC ; L parser
i_80                            = $8415 ; L parser
i_81                            = $8461 ; L parser
i_79                            = $846C ; L parser
_ACCdesc                        = $847D ; G parser
_ACCdone                        = $8488 ; G parser
_ACCbreak                       = $8490 ; G parser
_CNDat                          = $849D ; G parser
i_82                            = $84AE ; L parser
i_83                            = $84B3 ; L parser
_CNDnotat                       = $84B5 ; G parser
_CNDatgt                        = $84C6 ; G parser
i_84                            = $84DC ; L parser
i_85                            = $84E1 ; L parser
_CNDatlt                        = $84E3 ; G parser
i_86                            = $84F9 ; L parser
i_87                            = $84FE ; L parser
_CNDpresent                     = $8500 ; G parser
i_88                            = $855C ; L parser
i_89                            = $856D ; L parser
i_90                            = $857E ; L parser
i_92                            = $859B ; L parser
i_93                            = $859E ; L parser
i_94                            = $85C0 ; L parser
i_95_i_94                       = $85C3 ; L parser
i_96                            = $85D9 ; L parser
i_98                            = $8613 ; L parser
i_99_i_98                       = $8616 ; L parser
i_97                            = $861D ; L parser
i_101                           = $8642 ; L parser
i_102_i_101                     = $8645 ; L parser
i_100                           = $864C ; L parser
i_91                            = $864C ; L parser
_CNDabsent                      = $8653 ; G parser
i_103                           = $8669 ; L parser
i_104                           = $866E ; L parser
_CNDworn                        = $8670 ; G parser
i_105                           = $868C ; L parser
_CNDnotworn                     = $8691 ; G parser
i_106                           = $86A7 ; L parser
i_107                           = $86AC ; L parser
_CNDnotcarr                     = $86AE ; G parser
i_108                           = $86C2 ; L parser
i_109                           = $86C6 ; L parser
_CNDchance                      = $86C7 ; G parser
_CNDtimeout                     = $86C8 ; G parser
_CNDisat                        = $86C9 ; G parser
i_110                           = $86F4 ; L parser
i_111                           = $86F8 ; L parser
_CNDisnotat                     = $86F9 ; G parser
_CNDprep                        = $8715 ; G parser
_CNDsame                        = $872A ; G parser
_CNDnotsame                     = $8747 ; G parser
_CNDweight                      = $8764 ; G parser
_ACCinven                       = $8765 ; G parser
i_112                           = $879A ; L parser
i_113                           = $87AC ; L parser
i_115                           = $87B1 ; L parser
i_119                           = $8826 ; L parser
i_120                           = $8829 ; L parser
i_118                           = $8830 ; L parser
i_121                           = $8833 ; L parser
i_117                           = $884D ; L parser
i_116                           = $8856 ; L parser
i_122                           = $8882 ; L parser
i_124                           = $88A8 ; L parser
i_126                           = $88C3 ; L parser
i_123                           = $88DE ; L parser
i_127                           = $88DE ; L parser
i_114                           = $88E1 ; L parser
_ACCquit                        = $88F7 ; G parser
_ACCend                         = $8903 ; G parser
_ACCok                          = $890B ; G parser
_ACCramsave                     = $8919 ; G parser
_ACCramload                     = $891A ; G parser
_ACCsave                        = $891B ; G parser
_ACCload                        = $891C ; G parser
_ACCturns                       = $891D ; G parser
i_128                           = $8954 ; L parser
_ACCscore                       = $895C ; G parser
i_129                           = $898E ; L parser
_ACCcls                         = $8996 ; G parser
_ACCautog                       = $89B3 ; G parser
i_132                           = $89F9 ; L parser
i_133                           = $89FC ; L parser
i_131                           = $8A0F ; L parser
i_130                           = $8A1E ; L parser
_ACCautod                       = $8A2C ; G parser
i_134                           = $8A60 ; L parser
i_135                           = $8A93 ; L parser
_ACCpause                       = $8AA1 ; G parser
_ACCgoto                        = $8AA2 ; G parser
_ACCclearexit                   = $8AB7 ; G parser
i_137                           = $8AD7 ; L parser
i_136                           = $8AD8 ; L parser
_ACCgetexit                     = $8AF3 ; G parser
i_141                           = $8B3A ; L parser
i_142_i_141                     = $8B3D ; L parser
i_139                           = $8B59 ; L parser
i_140                           = $8B59 ; L parser
_ACCsetexit                     = $8B5E ; G parser
i_143                           = $8B8F ; L parser
_ACCmessage                     = $8B90 ; G parser
_trytoGet                       = $8BA3 ; G parser
i_144                           = $8BC7 ; L parser
i_145                           = $8C4B ; L parser
_ACCget                         = $8C75 ; G parser
i_147                           = $8CAA ; L parser
i_146                           = $8CC3 ; L parser
i_150                           = $8CEB ; L parser
i_149                           = $8CF1 ; L parser
i_151                           = $8CF1 ; L parser
i_153                           = $8D09 ; L parser
i_154_i_153                     = $8D0C ; L parser
i_155                           = $8D21 ; L parser
i_156                           = $8D27 ; L parser
i_152                           = $8D2A ; L parser
i_157                           = $8D49 ; L parser
_ACCdrop                        = $8D4F ; G parser
i_158                           = $8D8F ; L parser
i_159                           = $8DC0 ; L parser
i_160                           = $8E11 ; L parser
_ACCdestroy                     = $8E17 ; G parser
_ACCcreate                      = $8E2E ; G parser
_ACCswap                        = $8E48 ; G parser
_ACCplace                       = $8EA0 ; G parser
i_162                           = $8EBE ; L parser
i_161                           = $8ED9 ; L parser
i_164                           = $8EF4 ; L parser
_ACCnewline                     = $8EF5 ; G parser
_ACCwriteText                   = $8EF9 ; G parser
_ACCwrite                       = $8F0E ; G parser
_ACCwriteln                     = $8F14 ; G parser
_ACCsysmess                     = $8F1D ; G parser
_ACCcopyof                      = $8F2A ; G parser
_ACCcopyoo                      = $8F2B ; G parser
_ACCcopyfo                      = $8F2C ; G parser
_ACCcopyff                      = $8F2D ; G parser
_ACClistat                      = $8F2E ; G parser
i_165                           = $8FE3 ; L parser
i_166                           = $8FEF ; L parser
i_168                           = $8FF4 ; L parser
i_171                           = $9066 ; L parser
i_172_i_171                     = $9069 ; L parser
i_174                           = $909C ; L parser
i_175_i_174                     = $909F ; L parser
i_173                           = $90A5 ; L parser
i_176                           = $90C2 ; L parser
i_178                           = $90DF ; L parser
i_179_i_178                     = $90E2 ; L parser
i_169                           = $90E8 ; L parser
i_170                           = $90E8 ; L parser
i_177                           = $90E8 ; L parser
i_167                           = $90EB ; L parser
_ACClistnpc                     = $90F0 ; G parser
_ACClistobj                     = $90F1 ; G parser
i_180                           = $9196 ; L parser
_ACCobjat                       = $9199 ; G parser
_ACCmes                         = $91AB ; G parser
_ACCweigh                       = $91BB ; G parser
_ACCability                     = $91E5 ; G parser
_ACCweight                      = $91FF ; G parser
_ACCrandom                      = $924B ; G parser
_ACCwhato                       = $924C ; G parser
_ACCputo                        = $924D ; G parser
_ACCnotdone                     = $924E ; G parser
_ACCautop                       = $9256 ; G parser
_ACCautot                       = $9257 ; G parser
_CNDmove                        = $9258 ; G parser
_ACCpicture                     = $9282 ; G parser
i_181                           = $92C2 ; L parser
i_182                           = $92F6 ; L parser
_ACCgraphic                     = $92F8 ; G parser
i_183                           = $9312 ; L parser
_ACCbeep                        = $9313 ; G parser
_ACCsound                       = $9314 ; G parser
_CNDozero                       = $9315 ; G parser
i_184                           = $9336 ; L parser
_CNDonotzero                    = $933A ; G parser
i_185                           = $9359 ; L parser
i_186                           = $935D ; L parser
_ACCoset                        = $935E ; G parser
_ACCoclear                      = $939B ; G parser
_CNDislight                     = $93FA ; G parser
_CNDisnotlight                  = $93FB ; G parser
_ACCversion                     = $9405 ; G parser
_ACCrestart                     = $9406 ; G parser
_ACCtranscript                  = $9407 ; G parser
_ACCanykey                      = $9408 ; G parser
_ACCgetkey                      = $9412 ; G parser
_CNDobjfound                    = $9413 ; G parser
_CNDobjnotfound                 = $9414 ; G parser
_CNDcarried                     = $9415 ; G parser
i_187                           = $9431 ; L parser
i_188                           = $944C ; L parser
_ACConeg                        = $9451 ; G parser
_findMatchingObject             = $9452 ; G parser
i_189                           = $9468 ; L parser
i_191                           = $946D ; L parser
i_193                           = $949E ; L parser
i_197                           = $94F7 ; L parser
i_196                           = $94F9 ; L parser
i_199_i_196                     = $94FC ; L parser
i_192                           = $9504 ; L parser
i_195                           = $9504 ; L parser
i_190                           = $9507 ; L parser
_isAccesibleContainer           = $950D ; G parser
i_200                           = $9522 ; L parser
i_202                           = $9547 ; L parser
i_203_i_202                     = $954A ; L parser
i_201                           = $954F ; L parser
i_205                           = $9589 ; L parser
i_206_i_205                     = $958C ; L parser
i_204                           = $9591 ; L parser
_ACCgetReferredObject           = $9596 ; G parser
i_207                           = $95C2 ; L parser
i_208                           = $960A ; L parser
i_209                           = $9647 ; L parser
i_210                           = $9687 ; L parser
i_211                           = $9693 ; L parser
i_213                           = $9698 ; L parser
i_216                           = $96E8 ; L parser
i_217                           = $96EB ; L parser
i_215                           = $96EF ; L parser
i_218_i_215                     = $96F2 ; L parser
i_214                           = $9745 ; L parser
i_219                           = $9745 ; L parser
i_212                           = $9748 ; L parser
_getFlag                        = $9753 ; G parser
_setFlag                        = $9761 ; G parser
_dropall                        = $9778 ; G parser
i_220                           = $9785 ; L parser
i_222                           = $978A ; L parser
i_223                           = $97BE ; L parser
i_221                           = $97C1 ; L parser
i_224                           = $97CD ; L parser
i_226                           = $97D2 ; L parser
i_227                           = $9806 ; L parser
i_225                           = $9809 ; L parser
_done                           = $980B ; G parser
_desc                           = $9813 ; G parser
_loc_here                       = $981B ; G parser
_get_loc_pos                    = $9821 ; G parser
i_228                           = $982A ; L parser
i_230                           = $9869 ; L parser
i_229                           = $9875 ; L parser
_get_obj_pos                    = $987B ; G parser
i_231                           = $9894 ; L parser
i_232                           = $9894 ; L parser
i_234                           = $98CF ; L parser
i_233                           = $98DB ; L parser
_get_img_pos                    = $98E1 ; G parser
i_235                           = $98EA ; L parser
i_237                           = $9921 ; L parser
i_236                           = $992D ; L parser
_get_msg_pos                    = $9933 ; G parser
_get_table_pos                  = $9949 ; G parser
i_238                           = $9951 ; L parser
i_240                           = $9999 ; L parser
i_239                           = $99A5 ; L parser
_getObjectLocation              = $99AA ; G parser
i_242                           = $99DF ; L parser
i_241                           = $99F8 ; L parser
i_244                           = $9A16 ; L parser
_setObjectLocation              = $9A18 ; G parser
i_246                           = $9A36 ; L parser
i_245                           = $9A58 ; L parser
i_248                           = $9A8A ; L parser
_objectIsSupporter              = $9A8B ; G parser
i_249                           = $9A9B ; L parser
i_250                           = $9AB6 ; L parser
_objectIsContainer              = $9ABB ; G parser
i_251                           = $9ACB ; L parser
i_252                           = $9AE6 ; L parser
i_253                           = $9AEB ; L parser
_objectIsAttr                   = $9AF0 ; G parser
i_254                           = $9B2F ; L parser
i_255                           = $9B33 ; L parser
_getObjectWeight                = $9B34 ; G parser
i_257                           = $9B72 ; L parser
i_258                           = $9B75 ; L parser
i_259                           = $9B87 ; L parser
i_260_i_259                     = $9B8A ; L parser
i_256                           = $9BA6 ; L parser
_getLocationObjectsWeight       = $9BB0 ; G parser
i_262                           = $9BE1 ; L parser
i_261                           = $9BF3 ; L parser
i_264                           = $9C12 ; L parser
i_265                           = $9C1E ; L parser
i_267                           = $9C23 ; L parser
i_271                           = $9CB0 ; L parser
i_272                           = $9CB3 ; L parser
i_268                           = $9CE3 ; L parser
i_269                           = $9CE3 ; L parser
i_270                           = $9CE3 ; L parser
i_266                           = $9CE6 ; L parser
__size                          = $9CEC ; G 
_getObjectCountAt               = $9CF2 ; G parser
i_274                           = $9D13 ; L parser
i_273                           = $9D25 ; L parser
i_276                           = $9D44 ; L parser
i_277                           = $9D50 ; L parser
i_279                           = $9D55 ; L parser
i_280                           = $9D9E ; L parser
i_281                           = $9D9E ; L parser
i_278                           = $9DA1 ; L parser
_getObjectCountAtWithAttr       = $9DAC ; G parser
i_282                           = $9DC8 ; L parser
i_284                           = $9DCD ; L parser
i_286                           = $9E2F ; L parser
i_287_i_286                     = $9E32 ; L parser
i_285                           = $9E3B ; L parser
i_283                           = $9E3E ; L parser
_getNPCCountAt                  = $9E45 ; G parser
i_288                           = $9E62 ; L parser
i_290                           = $9E67 ; L parser
i_292                           = $9EBC ; L parser
i_293_i_292                     = $9EBF ; L parser
i_291                           = $9EC8 ; L parser
i_289                           = $9ECB ; L parser
_objectIsNPC                    = $9ED3 ; G parser
i_294                           = $9EE7 ; L parser
i_295                           = $9F16 ; L parser
i_296                           = $9F1B ; L parser
_writeObject                    = $9F1D ; G parser
i_297                           = $9FB1 ; L parser
i_300                           = $9FDB ; L parser
i_301                           = $9FE1 ; L parser
i_299                           = $9FE4 ; L parser
i_303                           = $9FFA ; L parser
i_298                           = $A000 ; L parser
i_302                           = $A000 ; L parser
i_304                           = $A000 ; L parser
_newLine                        = $A020 ; G parser
i_305                           = $A052 ; L parser
_scrollVTextWindow              = $A053 ; G parser
_CaptionBox                     = $A065 ; G parser
_writeTextCenter                = $A06B ; G parser
_writeTextln                    = $A06C ; G parser
_writeText                      = $A078 ; G parser
i_306                           = $A0C4 ; L parser
i_308                           = $A0DE ; L parser
i_309_i_308                     = $A0E1 ; L parser
i_311                           = $A10B ; L parser
i_313                           = $A13B ; L parser
i_314_i_313                     = $A13E ; L parser
i_312                           = $A17F ; L parser
i_310                           = $A182 ; L parser
i_315                           = $A1A0 ; L parser
i_307                           = $A1AC ; L parser
i_316                           = $A1B8 ; L parser
i_319                           = $A211 ; L parser
i_321                           = $A220 ; L parser
i_322                           = $A238 ; L parser
i_324                           = $A272 ; L parser
i_323                           = $A275 ; L parser
i_326                           = $A291 ; L parser
i_318                           = $A2AF ; L parser
i_327                           = $A2B8 ; L parser
i_317                           = $A2C4 ; L parser
_writeSysMessage                = $A2CB ; G parser
_writeMessage                   = $A2E5 ; G parser
_defineGraphWindow              = $A2FF ; G parser
_defineTextWindow               = $A300 ; G parser
_clearGraphWindow               = $A330 ; G parser
_clearTextWindow                = $A331 ; G parser
i_328                           = $A354 ; L parser
i_330                           = $A359 ; L parser
i_331                           = $A384 ; L parser
i_333                           = $A389 ; L parser
i_334                           = $A3CA ; L parser
i_335                           = $A3E3 ; L parser
i_332                           = $A3E6 ; L parser
i_329                           = $A3E9 ; L parser
_clearTextLine                  = $A3EB ; G parser
i_336                           = $A3F8 ; L parser
i_338                           = $A3FD ; L parser
i_337                           = $A42F ; L parser
_gotoxy                         = $A431 ; G parser
_getInput                       = $A447 ; G parser
i_339                           = $A47D ; L parser
i_341                           = $A493 ; L parser
i_342_i_341                     = $A496 ; L parser
i_343                           = $A4E6 ; L parser
i_344                           = $A525 ; L parser
i_345                           = $A525 ; L parser
i_340                           = $A52B ; L parser
_fontStyle                      = $A53D ; G parser
i_348                           = $A545 ; L parser
i_347                           = $A555 ; L parser
i_349                           = $A555 ; L parser
i_350                           = $A555 ; L parser
i_351                           = $A555 ; L parser
_hideGraphicsWindow             = $A557 ; G parser
_setConnection                  = $A56C ; G parser
i_352                           = $A5B6 ; L parser
_getConnection                  = $A5B7 ; G parser
i_353                           = $A5C8 ; L parser
_ACCautow                       = $A5F0 ; G parser
i_354                           = $A624 ; L parser
i_355                           = $A657 ; L parser
i_356                           = $A68A ; L parser
_ACCautor                       = $A698 ; G parser
i_357                           = $A6CC ; L parser
i_358                           = $A6FF ; L parser
i_359                           = $A732 ; L parser
_ACCremove                      = $A740 ; G parser
i_360                           = $A79E ; L parser
i_361                           = $A7CF ; L parser
i_363                           = $A81E ; L parser
i_362                           = $A82A ; L parser
_ACCwear                        = $A830 ; G parser
i_364                           = $A870 ; L parser
i_365                           = $A8A1 ; L parser
i_367                           = $A8E4 ; L parser
i_366                           = $A911 ; L parser
_ACCputin                       = $A917 ; G parser
i_368                           = $A96F ; L parser
i_369                           = $A99F ; L parser
i_371                           = $AA00 ; L parser
i_372                           = $AA14 ; L parser
i_370                           = $AA2C ; L parser
_ACCtakeout                     = $AA31 ; G parser
i_374                           = $AA78 ; L parser
i_373                           = $AA89 ; L parser
i_377                           = $AACD ; L parser
i_378                           = $AAD3 ; L parser
i_376                           = $AADB ; L parser
i_379                           = $AB11 ; L parser
i_380                           = $AB2F ; L parser
_incr16bit                      = $AB4E ; G parser
i_381                           = $AB6E ; L parser
_respuestas                     = $AB77 ; G juego_compressed
i_14                            = $AB9D ; L juego_compressed
i_16                            = $ABAC ; L juego_compressed
i_17_i_16                       = $ABAF ; L juego_compressed
i_15                            = $ABC1 ; L juego_compressed
i_19                            = $ABD0 ; L juego_compressed
i_20_i_19                       = $ABD3 ; L juego_compressed
i_18                            = $ABE5 ; L juego_compressed
i_21                            = $ABFF ; L juego_compressed
i_24                            = $AC17 ; L juego_compressed
i_23                            = $AC19 ; L juego_compressed
i_26_i_23                       = $AC1C ; L juego_compressed
i_22                            = $AC2E ; L juego_compressed
i_27                            = $AC3A ; L juego_compressed
i_29                            = $AC81 ; L juego_compressed
i_28                            = $AC84 ; L juego_compressed
i_13                            = $AC96 ; L juego_compressed
i_32                            = $ACB0 ; L juego_compressed
i_33_i_32                       = $ACB3 ; L juego_compressed
i_31                            = $ACC5 ; L juego_compressed
i_35                            = $ACD7 ; L juego_compressed
i_36_i_35                       = $ACDA ; L juego_compressed
i_34                            = $ACEC ; L juego_compressed
i_38                            = $ACFE ; L juego_compressed
i_39_i_38                       = $AD01 ; L juego_compressed
i_30                            = $AD13 ; L juego_compressed
i_37                            = $AD13 ; L juego_compressed
i_41                            = $AD2D ; L juego_compressed
i_42_i_41                       = $AD30 ; L juego_compressed
i_44                            = $AD47 ; L juego_compressed
i_45_i_44                       = $AD4A ; L juego_compressed
i_40                            = $AD56 ; L juego_compressed
i_43                            = $AD56 ; L juego_compressed
i_47                            = $AD70 ; L juego_compressed
i_48_i_47                       = $AD73 ; L juego_compressed
i_46                            = $AD90 ; L juego_compressed
i_49                            = $AD90 ; L juego_compressed
i_51                            = $AD9F ; L juego_compressed
i_52_i_51                       = $ADA2 ; L juego_compressed
i_50                            = $ADB4 ; L juego_compressed
i_55                            = $ADDE ; L juego_compressed
i_54                            = $ADF8 ; L juego_compressed
i_56                            = $ADF8 ; L juego_compressed
i_58                            = $AE08 ; L juego_compressed
i_60                            = $AE25 ; L juego_compressed
i_57                            = $AE37 ; L juego_compressed
i_61                            = $AE37 ; L juego_compressed
i_63                            = $AE47 ; L juego_compressed
i_65                            = $AE64 ; L juego_compressed
i_62                            = $AE76 ; L juego_compressed
i_66                            = $AE76 ; L juego_compressed
i_67                            = $AE90 ; L juego_compressed
i_53                            = $AEAA ; L juego_compressed
i_68                            = $AEAA ; L juego_compressed
i_69                            = $AEC4 ; L juego_compressed
i_71                            = $AEE9 ; L juego_compressed
i_70                            = $AEFB ; L juego_compressed
i_73                            = $AF20 ; L juego_compressed
i_72                            = $AF32 ; L juego_compressed
i_74                            = $AF32 ; L juego_compressed
i_76                            = $AF54 ; L juego_compressed
i_79                            = $AF6B ; L juego_compressed
i_80_i_79                       = $AF6E ; L juego_compressed
i_78                            = $AF80 ; L juego_compressed
i_81                            = $AF9A ; L juego_compressed
i_82                            = $AFB4 ; L juego_compressed
i_83                            = $AFCE ; L juego_compressed
i_84                            = $AFE8 ; L juego_compressed
i_86                            = $B000 ; L juego_compressed
i_85                            = $B012 ; L juego_compressed
i_77                            = $B02C ; L juego_compressed
i_88                            = $B02C ; L juego_compressed
i_91                            = $B044 ; L juego_compressed
i_90                            = $B046 ; L juego_compressed
i_93_i_90                       = $B049 ; L juego_compressed
i_89                            = $B05B ; L juego_compressed
i_95                            = $B06A ; L juego_compressed
i_96_i_95                       = $B06D ; L juego_compressed
i_75                            = $B07F ; L juego_compressed
i_94                            = $B07F ; L juego_compressed
i_99                            = $B0A9 ; L juego_compressed
i_100                           = $B0C3 ; L juego_compressed
i_102                           = $B0D3 ; L juego_compressed
i_101                           = $B0E5 ; L juego_compressed
i_104                           = $B0FF ; L juego_compressed
i_105                           = $B119 ; L juego_compressed
i_98                            = $B119 ; L juego_compressed
i_107                           = $B13B ; L juego_compressed
i_108                           = $B155 ; L juego_compressed
i_106                           = $B16F ; L juego_compressed
i_109                           = $B16F ; L juego_compressed
i_111                           = $B181 ; L juego_compressed
i_112_i_111                     = $B184 ; L juego_compressed
i_110                           = $B1A7 ; L juego_compressed
i_97                            = $B1A7 ; L juego_compressed
i_114                           = $B1D1 ; L juego_compressed
i_115                           = $B1D1 ; L juego_compressed
i_117                           = $B1E0 ; L juego_compressed
i_118_i_117                     = $B1E3 ; L juego_compressed
i_116                           = $B1E8 ; L juego_compressed
i_119                           = $B1F5 ; L juego_compressed
i_120                           = $B207 ; L juego_compressed
i_122                           = $B221 ; L juego_compressed
i_123_i_122                     = $B224 ; L juego_compressed
i_121                           = $B248 ; L juego_compressed
i_124                           = $B248 ; L juego_compressed
i_126                           = $B27A ; L juego_compressed
i_127                           = $B297 ; L juego_compressed
i_129                           = $B2B3 ; L juego_compressed
i_130_i_129                     = $B2B6 ; L juego_compressed
i_125                           = $B2C8 ; L juego_compressed
i_128                           = $B2C8 ; L juego_compressed
i_132                           = $B2D7 ; L juego_compressed
i_133_i_132                     = $B2DA ; L juego_compressed
i_135                           = $B2F2 ; L juego_compressed
i_136                           = $B2F5 ; L juego_compressed
i_134                           = $B30C ; L juego_compressed
i_131                           = $B31E ; L juego_compressed
i_137                           = $B31E ; L juego_compressed
i_139                           = $B32E ; L juego_compressed
i_138                           = $B333 ; L juego_compressed
i_142                           = $B342 ; L juego_compressed
i_143_i_142                     = $B345 ; L juego_compressed
i_141                           = $B357 ; L juego_compressed
i_145                           = $B366 ; L juego_compressed
i_146_i_145                     = $B369 ; L juego_compressed
i_144                           = $B37B ; L juego_compressed
i_149                           = $B39B ; L juego_compressed
i_151                           = $B3DF ; L juego_compressed
i_148                           = $B3F1 ; L juego_compressed
i_152                           = $B3F1 ; L juego_compressed
i_154                           = $B413 ; L juego_compressed
i_155                           = $B42D ; L juego_compressed
i_147                           = $B43F ; L juego_compressed
i_153                           = $B43F ; L juego_compressed
i_159                           = $B47B ; L juego_compressed
i_158                           = $B49A ; L juego_compressed
i_160                           = $B49A ; L juego_compressed
i_162                           = $B4C6 ; L juego_compressed
i_164                           = $B4E3 ; L juego_compressed
i_113                           = $B502 ; L juego_compressed
i_156                           = $B502 ; L juego_compressed
i_157                           = $B502 ; L juego_compressed
i_161                           = $B502 ; L juego_compressed
i_163                           = $B502 ; L juego_compressed
i_166                           = $B545 ; L juego_compressed
i_167                           = $B567 ; L juego_compressed
i_168                           = $B567 ; L juego_compressed
i_170                           = $B577 ; L juego_compressed
i_172                           = $B57E ; L juego_compressed
i_173_i_172                     = $B581 ; L juego_compressed
i_165                           = $B593 ; L juego_compressed
i_169                           = $B593 ; L juego_compressed
i_176                           = $B5AB ; L juego_compressed
i_178                           = $B5C5 ; L juego_compressed
i_179                           = $B5DF ; L juego_compressed
i_174                           = $B5F9 ; L juego_compressed
i_175                           = $B5F9 ; L juego_compressed
i_180                           = $B5F9 ; L juego_compressed
i_183                           = $B623 ; L juego_compressed
i_185                           = $B63B ; L juego_compressed
i_182                           = $B64D ; L juego_compressed
i_184                           = $B64D ; L juego_compressed
i_188                           = $B66F ; L juego_compressed
i_181                           = $B689 ; L juego_compressed
i_187                           = $B689 ; L juego_compressed
i_189                           = $B689 ; L juego_compressed
i_191                           = $B6B3 ; L juego_compressed
i_192                           = $B6B3 ; L juego_compressed
i_193                           = $B6D3 ; L juego_compressed
i_195                           = $B6E2 ; L juego_compressed
i_196_i_195                     = $B6E5 ; L juego_compressed
i_194                           = $B6F7 ; L juego_compressed
i_198                           = $B707 ; L juego_compressed
i_197                           = $B713 ; L juego_compressed
i_201                           = $B73F ; L juego_compressed
i_200                           = $B751 ; L juego_compressed
i_203                           = $B773 ; L juego_compressed
i_205                           = $B7A7 ; L juego_compressed
i_206                           = $B7CB ; L juego_compressed
i_207                           = $B7DD ; L juego_compressed
i_204                           = $B7E9 ; L juego_compressed
i_209                           = $B7FB ; L juego_compressed
i_210_i_209                     = $B7FE ; L juego_compressed
i_208                           = $B810 ; L juego_compressed
i_212                           = $B822 ; L juego_compressed
i_213_i_212                     = $B825 ; L juego_compressed
i_215                           = $B841 ; L juego_compressed
i_216_i_215                     = $B844 ; L juego_compressed
i_214                           = $B863 ; L juego_compressed
i_217                           = $B87E ; L juego_compressed
i_218                           = $B884 ; L juego_compressed
i_202                           = $B890 ; L juego_compressed
i_211                           = $B890 ; L juego_compressed
i_220                           = $B8A0 ; L juego_compressed
i_222                           = $B8A7 ; L juego_compressed
i_223_i_222                     = $B8AA ; L juego_compressed
i_224                           = $B8D6 ; L juego_compressed
i_219                           = $B8E2 ; L juego_compressed
i_226                           = $B8F1 ; L juego_compressed
i_227_i_226                     = $B8F4 ; L juego_compressed
i_225                           = $B906 ; L juego_compressed
i_228                           = $B913 ; L juego_compressed
i_231                           = $B92D ; L juego_compressed
i_232_i_231                     = $B930 ; L juego_compressed
i_230                           = $B93B ; L juego_compressed
i_234                           = $B94D ; L juego_compressed
i_235_i_234                     = $B950 ; L juego_compressed
i_237                           = $B96C ; L juego_compressed
i_238_i_237                     = $B96F ; L juego_compressed
i_236                           = $B98E ; L juego_compressed
i_240                           = $B9AA ; L juego_compressed
i_241_i_240                     = $B9AD ; L juego_compressed
i_239                           = $B9BF ; L juego_compressed
i_243                           = $B9D1 ; L juego_compressed
i_244_i_243                     = $B9D4 ; L juego_compressed
i_242                           = $BA3C ; L juego_compressed
i_245                           = $BA3C ; L juego_compressed
i_247                           = $BA51 ; L juego_compressed
i_248_i_247                     = $BA54 ; L juego_compressed
i_249                           = $BA81 ; L juego_compressed
i_250                           = $BAAC ; L juego_compressed
i_190                           = $BABE ; L juego_compressed
i_229                           = $BABE ; L juego_compressed
i_233                           = $BABE ; L juego_compressed
i_246                           = $BABE ; L juego_compressed
i_253                           = $BAE8 ; L juego_compressed
i_255                           = $BB08 ; L juego_compressed
i_254                           = $BB1A ; L juego_compressed
i_251                           = $BB34 ; L juego_compressed
i_252                           = $BB34 ; L juego_compressed
i_257                           = $BB34 ; L juego_compressed
i_260                           = $BB62 ; L juego_compressed
i_262                           = $BB72 ; L juego_compressed
i_258                           = $BB84 ; L juego_compressed
i_259                           = $BB84 ; L juego_compressed
i_261                           = $BB84 ; L juego_compressed
i_266                           = $BBAE ; L juego_compressed
i_267                           = $BBC8 ; L juego_compressed
i_268                           = $BBE2 ; L juego_compressed
i_264                           = $BBFC ; L juego_compressed
i_265                           = $BBFC ; L juego_compressed
i_269                           = $BBFC ; L juego_compressed
_respuestas_post                = $BC08 ; G juego_compressed
i_270                           = $BC27 ; L juego_compressed
i_271                           = $BC45 ; L juego_compressed
i_272                           = $BC63 ; L juego_compressed
i_274                           = $BC8E ; L juego_compressed
i_275                           = $BC94 ; L juego_compressed
i_273                           = $BCA0 ; L juego_compressed
i_276                           = $BCC1 ; L juego_compressed
i_277                           = $BCDF ; L juego_compressed
i_278                           = $BCFD ; L juego_compressed
i_279                           = $BD18 ; L juego_compressed
i_280                           = $BD33 ; L juego_compressed
i_282                           = $BD48 ; L juego_compressed
i_283_i_282                     = $BD4B ; L juego_compressed
i_284                           = $BDA3 ; L juego_compressed
i_281                           = $BDB5 ; L juego_compressed
i_285                           = $BDB5 ; L juego_compressed
i_286                           = $BDD1 ; L juego_compressed
i_288                           = $BDE1 ; L juego_compressed
i_287                           = $BDF3 ; L juego_compressed
i_291                           = $BE13 ; L juego_compressed
i_290                           = $BE25 ; L juego_compressed
i_293                           = $BE43 ; L juego_compressed
i_294                           = $BE61 ; L juego_compressed
i_295                           = $BE7B ; L juego_compressed
i_297                           = $BE8B ; L juego_compressed
i_296                           = $BE9D ; L juego_compressed
_proceso1                       = $BEA8 ; G juego_compressed
i_299                           = $BF09 ; L juego_compressed
_proceso1_post                  = $BF29 ; G juego_compressed
i_301                           = $BF3E ; L juego_compressed
i_302_i_301                     = $BF41 ; L juego_compressed
i_300                           = $BF47 ; L juego_compressed
_proceso2                       = $BF48 ; G juego_compressed
_main                           = $BF49 ; G juego_compressed
i_303                           = $C06A ; L juego_compressed
i_307                           = $C06D ; L juego_compressed
i_308                           = $C07D ; L juego_compressed
i_309                           = $C0C4 ; L juego_compressed
i_311                           = $C11C ; L juego_compressed
i_310                           = $C11F ; L juego_compressed
i_306                           = $C122 ; L juego_compressed
i_304                           = $C125 ; L juego_compressed
__bss_compiler_head             = $C126 ; G 
__code_compiler_tail            = $C126 ; G 
_fzx                            = $C126 ; G X__libgfx_libgfx
_flags                          = $C128 ; G parser
_playerInput                    = $C227 ; G parser
_playerWord                     = $C247 ; G parser
_gWord_number                   = $C260 ; G parser
_gChar_number                   = $C261 ; G parser
_TextWindow                     = $C262 ; G parser
_GraphWindow                    = $C266 ; G parser
_gNUM_OBJECTS                   = $C26A ; G parser
_gNUM_LOC                       = $C26B ; G parser
_gLAST_OBJECT_NUMBER            = $C26C ; G parser
_gNUM_IMG                       = $C26D ; G parser
_gDONE_FLAG                     = $C26E ; G parser
_gDESCRIBE_LOCATION_FLAG        = $C26F ; G parser
_gIN_RESPONSE                   = $C270 ; G parser
_gSUCCESS                       = $C271 ; G parser
_gDOALL_FLAG                    = $C272 ; G parser
_gPROCESS_IN_DOALL              = $C273 ; G parser
_gCURRENT_PROCESS               = $C274 ; G parser
__bss_compiler_tail             = $C275 ; G 
__rodata_compiler_head          = $C275 ; G 
_symbol_list                    = $C275 ; G parser
i_1                             = $C35D ; L parser
i_1                             = $C5CE ; L juego_compressed
__data_compiler_head            = $F0CB ; G 
__rodata_compiler_tail          = $F0CB ; G 
_playerPrompt                   = $F0CB ; G parser
_gDEBUGGER                      = $F0CD ; G parser
_gGRAPHICSON                    = $F0CE ; G parser
_gSOUNDSON                      = $F0CF ; G parser
_gINTERRUPTDISABLED             = $F0D0 ; G parser
_gSHOWWARNINGS                  = $F0D1 ; G parser
_ginEND                         = $F0D2 ; G parser
_ginQUIT                        = $F0D3 ; G parser
_gENTRY_FOR_DOALL               = $F0D4 ; G parser
_verbos_debug_t                 = $F0D5 ; G parser
_adverbios_t                    = $F0FC ; G parser
_preposiciones_t                = $F111 ; G parser
_pronombres_t                   = $F153 ; G parser
_conjunciones_t                 = $F174 ; G parser
_imagenes_t                     = $F18C ; G juego_compressed
_localidades_t                  = $F1B4 ; G juego_compressed
_conexiones_t                   = $F20E ; G juego_compressed
_mensajes_t                     = $F283 ; G juego_compressed
_mensajesSistema_t              = $F391 ; G juego_compressed
_nombres_t                      = $F475 ; G juego_compressed
_verbos_t                       = $F5A7 ; G juego_compressed
_adjetivos_t                    = $F682 ; G juego_compressed
_objetos_t                      = $F6B5 ; G juego_compressed
_ordenador_topics_t             = $F718 ; G juego_compressed
_mensajes_ordenador_t           = $F8AD ; G juego_compressed
__code_clib_head                = $F98E ; G 
__data_compiler_tail            = $F98E ; G 
_utoa                           = $F98E ; G utoa
utoa                            = $F98E ; G utoa
_utoa_callee                    = $F999 ; G utoa_callee
utoa_callee                     = $F999 ; G utoa_callee
asmentry                        = $F99E ; L utoa_callee
_itoa_callee                    = $F9B1 ; G itoa_callee
itoa_callee                     = $F9B1 ; G itoa_callee
asmentry                        = $F9B6 ; L itoa_callee
negative                        = $F9CA ; L itoa_callee
libentry                        = $F9D5 ; L itoa_callee
notneg                          = $F9D5 ; L itoa_callee
loop                            = $F9D6 ; L itoa_callee
nowrite0                        = $F9EC ; L itoa_callee
exit0                           = $F9FD ; L itoa_callee
exit1                           = $FA01 ; L itoa_callee
_memset_callee                  = $FA04 ; G memset_callee
memset_callee                   = $FA04 ; G memset_callee
asmentry                        = $FA08 ; L memset_callee
_strncmp_callee                 = $FA18 ; G strncmp_callee
strncmp_callee                  = $FA18 ; G strncmp_callee
asmentry                        = $FA1C ; L strncmp_callee
strncmp1                        = $FA20 ; L strncmp_callee
equal                           = $FA2D ; L strncmp_callee
different                       = $FA31 ; L strncmp_callee
_strrev                         = $FA38 ; G strrev
strrev                          = $FA38 ; G strrev
revlp                           = $FA4F ; L strrev
exit                            = $FA58 ; L strrev
__code_clib_tail                = $FA5A ; G 
__code_crt0_sccz80_head         = $FA5A ; G 
l_case                          = $FA5A ; G l_case
swloop                          = $FA5C ; L l_case
swend                           = $FA70 ; L l_case
l_deneg                         = $FA71 ; G l_deneg
l_div_u                         = $FA79 ; G l_div_u
entry                           = $FA7D ; L l_div_u
l_div1                          = $FA84 ; L l_div_u
l_div2                          = $FA8E ; L l_div_u
l_eq                            = $FA98 ; G l_eq
l_gint                          = $FAA2 ; G l_gint
l_gintsp                        = $FAA7 ; G l_gintsp
l_gintspsp                      = $FAAF ; G l_gintspsp
l_glong                         = $FAB8 ; G l_glong
l_lneg                          = $FAC2 ; G l_lneg
l_mult                          = $FACB ; G l_mul
l_mult1                         = $FAD2 ; L l_mul
l_mult2                         = $FAD9 ; L l_mul
l_ne                            = $FADC ; G l_ne
l_plong                         = $FAE7 ; G l_plong
l_sxt                           = $FAF3 ; G l_sxt
l_uge                           = $FAF8 ; G l_uge
l_compare_result                = $FB04 ; G l_compare_result
l_ugt                           = $FB0A ; G l_ugt
l_ule                           = $FB14 ; G l_ule
l_ult                           = $FB20 ; G l_ult
l_long_and                      = $FB2A ; G l_long_and
l_long_asl                      = $FB3C ; G l_long_asl
loop                            = $FB47 ; L l_long_asl
done                            = $FB4E ; L l_long_asl
l_long_or                       = $FB50 ; G l_long_or
l_long_xor                      = $FB62 ; G l_long_xor
__code_crt0_sccz80_tail         = $FB74 ; G 
__tail                          = $FB74 ; G 
