CLIB_FOPEN_MAX                  = $FFFFFFFF ; L crt0_base
ASMDISP_STRREV                  = $0000 ; G strrev
CLIB_EXIT_STACK_SIZE            = $0000 ; L crt0_base
CLIB_MALLOC_HEAP_SIZE           = $0000 ; L crt0_base
CLIB_STDIO_HEAP_SIZE            = $0000 ; L crt0_base
CRT_ENABLE_CLOSE                = $0000 ; L crt0_base
CRT_Z88_BADPAGES                = $0000 ; L crt0_base
CRT_Z88_EXPANDED                = $0000 ; L crt0_base
CRT_ENABLE_RESTART              = $0001 ; L crt0_base
DEFINED_CLIB_EXIT_STACK_SIZE    = $0001 ; L crt0_base
DEFINED_CLIB_FOPEN_MAX          = $0001 ; L crt0_base
DEFINED_CLIB_MALLOC_HEAP_SIZE   = $0001 ; L crt0_base
DEFINED_CLIB_STDIO_HEAP_SIZE    = $0001 ; L crt0_base
DEFINED_CRT_ENABLE_CLOSE        = $0001 ; L crt0_base
DEFINED_CRT_ENABLE_RESTART      = $0001 ; L crt0_base
DEFINED_CRT_Z88_BADPAGES        = $0001 ; L crt0_base
DEFINED_CRT_Z88_EXPANDED        = $0001 ; L crt0_base
DEFINED_STACKPTR                = $0001 ; L crt0_base
DEFINED_startup                 = $0001 ; L crt0_base
NEED_floatpack                  = $0001 ; L crt0_base
startup                         = $0001 ; L crt0_base
ASMDISP_MEMSET_CALLEE           = $0004 ; G memset_callee
ASMDISP_STRNCMP_CALLEE          = $0004 ; G strncmp_callee
L_DIVENTRY                      = $0004 ; G l_div_u
ASMDISP_ITOA_CALLEE             = $0005 ; G itoa_callee
ASMDISP_UTOA_CALLEE             = $0005 ; G utoa_callee
LIBDISP_ITOA_CALLEE             = $0024 ; G itoa_callee
__code_clib_size                = $00CC ; G 
__code_crt0_sccz80_size         = $014E ; G 
__bss_compiler_size             = $017D ; G 
__data_compiler_size            = $0874 ; G 
__rodata_compiler_size          = $31EA ; G 
__code_compiler_size            = $42C6 ; G 
STACKPTR                        = $5E88 ; L crt0_base
__head                          = $5E88 ; G 
_reynolds                       = $5E9B ; L printlib
_print_string                   = $619B ; G printlib
Print_String_0                  = $61A5 ; L printlib
_print_char                     = $61B2 ; G printlib
Get_Char_Address                = $61C1 ; L printlib
Get_Pixel_Address               = $61D1 ; L printlib
Pixel_Address_Down              = $61F1 ; L printlib
Pixel_Address_Up                = $6200 ; L printlib
Print_Char                      = $6211 ; L printlib
Print_Char_1                    = $6229 ; L printlib
_L05_img                        = $6232 ; G juego_compressed
dzx7AgileRCS_callee             = $6748 ; G dzx7AgileRCS_callee
asm_dzx7AgileRCS                = $674B ; G dzx7AgileRCS_callee
dzx7_agilercs                   = $674B ; L dzx7AgileRCS_callee
dzx7a_copy_byte_loop1           = $674D ; L dzx7AgileRCS_callee
dzx7a_main_loop1                = $6751 ; L dzx7AgileRCS_callee
dzx7a_copy_byte_loop            = $675A ; L dzx7AgileRCS_callee
dzx7a_main_loop                 = $675C ; L dzx7AgileRCS_callee
dzx7a_len_size_start            = $6762 ; L dzx7AgileRCS_callee
dzx7a_len_size_loop             = $6767 ; L dzx7AgileRCS_callee
dzx7a_len_value_loop            = $6771 ; L dzx7AgileRCS_callee
dzx7a_len_value_start           = $677B ; L dzx7AgileRCS_callee
dzx7a_offset_end                = $679F ; L dzx7AgileRCS_callee
dzx7a_copy_bytes                = $67B3 ; L dzx7AgileRCS_callee
dzx7a_load_bits                 = $67C4 ; L dzx7AgileRCS_callee
dzx7a_copy_byte                 = $67C8 ; L dzx7AgileRCS_callee
dzx7a_exit                      = $67CE ; L dzx7AgileRCS_callee
dzx7a_convert                   = $67D1 ; L dzx7AgileRCS_callee
stdio_error_zc                  = $67E2 ; G stdio_error_zc
stdio_basechar                  = $67E7 ; G stdio_basechar
__code_compiler_head            = $680B ; G 
_setRAMPage                     = $680B ; G X__libgfx_libgfx
_setRAMBack                     = $6820 ; G X__libgfx_libgfx
_drawVline                      = $6830 ; G X__libgfx_libgfx
_drawHline                      = $6831 ; G X__libgfx_libgfx
_drawline                       = $6832 ; G X__libgfx_libgfx
_scrollArriba                   = $6833 ; G X__libgfx_libgfx
SA1start                        = $683F ; L X__libgfx_libgfx
SA1loops                        = $686E ; L X__libgfx_libgfx
SA1loop                         = $6870 ; L X__libgfx_libgfx
notfillzero                     = $687A ; L X__libgfx_libgfx
nextscan                        = $6887 ; L X__libgfx_libgfx
nextrow                         = $6890 ; L X__libgfx_libgfx
_drawRectangle                  = $68A1 ; G X__libgfx_libgfx
_clsScreen                      = $68A2 ; G X__libgfx_libgfx
i_4                             = $68A9 ; L X__libgfx_libgfx
i_5                             = $68B7 ; L X__libgfx_libgfx
inicio                          = $68C2 ; L X__libgfx_libgfx
i_6                             = $68F8 ; L X__libgfx_libgfx
inicio2                         = $6903 ; L X__libgfx_libgfx
fin                             = $6935 ; L X__libgfx_libgfx
i_3                             = $6936 ; L X__libgfx_libgfx
_drawGFX                        = $693A ; G X__libgfx_libgfx
_drawSprite                     = $693B ; G X__libgfx_libgfx
Wait_For_Keys_Pressed           = $693C ; L X__libgfx_libgfx
_waitForAnyKey                  = $693C ; G X__libgfx_libgfx
Wait_For_Keys_NotPressed        = $6945 ; L X__libgfx_libgfx
_waitForNoKey                   = $6945 ; G X__libgfx_libgfx
Read_Keyboard                   = $694E ; L X__libgfx_libgfx
_getKey                         = $694E ; G X__libgfx_libgfx
Read_Keyboard_0                 = $6958 ; L X__libgfx_libgfx
Read_Keyboard_1                 = $6960 ; L X__libgfx_libgfx
nokey                           = $696E ; L X__libgfx_libgfx
Read_Keyboard_2                 = $6978 ; L X__libgfx_libgfx
Return_Keyboard                 = $6985 ; L X__libgfx_libgfx
Keyboard_Map                    = $6989 ; L X__libgfx_libgfx
_clearchar                      = $69BA ; G X__libgfx_libgfx
i_7                             = $6A16 ; L X__libgfx_libgfx
i_9                             = $6A1F ; L X__libgfx_libgfx
i_8                             = $6A47 ; L X__libgfx_libgfx
_clear_screen                   = $6A5B ; G X__libgfx_libgfx
_putpixel                       = $6A85 ; G X__libgfx_libgfx
_fzx_setat                      = $6A86 ; G X__libgfx_libgfx
_fzx_putc                       = $6AA0 ; G X__libgfx_libgfx
_fzx_puts                       = $6AB8 ; G X__libgfx_libgfx
_initParser                     = $6ACF ; G parser
i_17                            = $6B35 ; L parser
i_20                            = $6B95 ; L parser
i_19                            = $6B9D ; L parser
i_18                            = $6BA0 ; L parser
i_22                            = $6BA7 ; L parser
i_23                            = $6BE3 ; L parser
i_24                            = $6BEA ; L parser
i_25                            = $6C07 ; L parser
_ParserLoop                     = $6C15 ; G parser
i_26                            = $6C17 ; L parser
i_30                            = $6CAC ; L parser
i_32                            = $6CC5 ; L parser
i_34                            = $6CCE ; L parser
i_36                            = $6D1C ; L parser
i_37_i_36                       = $6D1F ; L parser
i_35                            = $6D3D ; L parser
i_33                            = $6D40 ; L parser
i_31                            = $6D43 ; L parser
i_29                            = $6D66 ; L parser
i_28                            = $6D6C ; L parser
i_38                            = $6D6C ; L parser
i_40                            = $6D91 ; L parser
i_39                            = $6D94 ; L parser
i_27                            = $6D97 ; L parser
_parse                          = $6D9A ; G parser
i_41                            = $6DF5 ; L parser
i_44                            = $6E18 ; L parser
i_45_i_44                       = $6E1B ; L parser
i_43                            = $6E22 ; L parser
i_47                            = $6E40 ; L parser
i_49                            = $6E49 ; L parser
i_50_i_49                       = $6E4C ; L parser
i_53                            = $6E92 ; L parser
i_54_i_53                       = $6E95 ; L parser
i_52                            = $6EA6 ; L parser
i_57                            = $6EB6 ; L parser
i_59                            = $6ED4 ; L parser
i_60_i_59                       = $6ED7 ; L parser
i_62                            = $6EEB ; L parser
i_63_i_62                       = $6EEE ; L parser
i_61                            = $6EFF ; L parser
i_65                            = $6F17 ; L parser
i_64                            = $6F25 ; L parser
i_66                            = $6F25 ; L parser
i_56                            = $6F28 ; L parser
i_69                            = $6F4E ; L parser
i_70_i_69                       = $6F51 ; L parser
i_71                            = $6F69 ; L parser
i_72                            = $6F77 ; L parser
i_68                            = $6F7A ; L parser
i_75                            = $6FA0 ; L parser
i_76_i_75                       = $6FA3 ; L parser
i_74                            = $6FB4 ; L parser
i_79                            = $6FDA ; L parser
i_80_i_79                       = $6FDD ; L parser
i_46                            = $6FEB ; L parser
i_51                            = $6FEB ; L parser
i_55                            = $6FEB ; L parser
i_67                            = $6FEB ; L parser
i_73                            = $6FEB ; L parser
i_77                            = $6FEB ; L parser
i_78                            = $6FEB ; L parser
i_82                            = $6FFE ; L parser
i_83_i_82                       = $7001 ; L parser
i_81                            = $7007 ; L parser
i_84                            = $703A ; L parser
i_85                            = $703A ; L parser
i_87                            = $7049 ; L parser
i_86                            = $704F ; L parser
i_42                            = $706D ; L parser
_writeValue                     = $7071 ; G parser
_buscador                       = $7098 ; G parser
i_89                            = $70A8 ; L parser
i_91                            = $70D1 ; L parser
i_92                            = $7114 ; L parser
i_90                            = $7120 ; L parser
_procesaString                  = $7125 ; G parser
_ACCdesc                        = $7126 ; G parser
_ACCdone                        = $7131 ; G parser
_ACCbreak                       = $7139 ; G parser
_CNDat                          = $7146 ; G parser
i_93                            = $7157 ; L parser
i_94                            = $715C ; L parser
_CNDnotat                       = $715E ; G parser
_CNDatgt                        = $716F ; G parser
i_95                            = $7185 ; L parser
i_96                            = $718A ; L parser
_CNDatlt                        = $718C ; G parser
i_97                            = $71A2 ; L parser
i_98                            = $71A7 ; L parser
_CNDpresent                     = $71A9 ; G parser
i_99                            = $7205 ; L parser
i_100                           = $7216 ; L parser
i_101                           = $7227 ; L parser
i_103                           = $7244 ; L parser
i_104                           = $7247 ; L parser
i_105                           = $7269 ; L parser
i_106_i_105                     = $726C ; L parser
i_107                           = $7282 ; L parser
i_109                           = $72C6 ; L parser
i_110_i_109                     = $72C9 ; L parser
i_108                           = $72D0 ; L parser
i_112                           = $72FA ; L parser
i_113_i_112                     = $72FD ; L parser
i_102                           = $7304 ; L parser
i_111                           = $7304 ; L parser
_CNDabsent                      = $730B ; G parser
i_114                           = $7321 ; L parser
i_115                           = $7326 ; L parser
_CNDworn                        = $7328 ; G parser
i_116                           = $7344 ; L parser
_CNDnotworn                     = $7349 ; G parser
i_117                           = $735F ; L parser
i_118                           = $7364 ; L parser
_CNDnotcarr                     = $7366 ; G parser
i_119                           = $737A ; L parser
i_120                           = $737E ; L parser
_CNDchance                      = $737F ; G parser
_CNDtimeout                     = $7380 ; G parser
_CNDisat                        = $7381 ; G parser
i_121                           = $73AC ; L parser
i_122                           = $73B0 ; L parser
_CNDisnotat                     = $73B1 ; G parser
_CNDprep                        = $73CD ; G parser
_CNDsame                        = $73E2 ; G parser
_CNDnotsame                     = $73FF ; G parser
_CNDweight                      = $741C ; G parser
_ACCinven                       = $741D ; G parser
i_123                           = $7452 ; L parser
i_124                           = $7464 ; L parser
i_126                           = $746D ; L parser
i_130                           = $74F1 ; L parser
i_131                           = $74F4 ; L parser
i_129                           = $74FB ; L parser
i_132                           = $74FE ; L parser
i_128                           = $7518 ; L parser
i_127                           = $7521 ; L parser
i_133                           = $754D ; L parser
i_135                           = $7573 ; L parser
i_137                           = $758E ; L parser
i_134                           = $75A9 ; L parser
i_138                           = $75A9 ; L parser
i_125                           = $75AC ; L parser
_ACCquit                        = $75BC ; G parser
_ACCend                         = $75C8 ; G parser
_ACCok                          = $75DB ; G parser
_ACCramsave                     = $75E9 ; G parser
_ACCramload                     = $75EA ; G parser
_ACCsave                        = $75EB ; G parser
_ACCload                        = $75EC ; G parser
_ACCturns                       = $75ED ; G parser
i_139                           = $7624 ; L parser
_ACCscore                       = $762C ; G parser
i_140                           = $765E ; L parser
_ACCcls                         = $7666 ; G parser
_ACCautog                       = $7683 ; G parser
i_143                           = $76D3 ; L parser
i_144                           = $76D6 ; L parser
i_142                           = $76E9 ; L parser
i_141                           = $76F8 ; L parser
_ACCautod                       = $7706 ; G parser
i_145                           = $773A ; L parser
i_146                           = $776D ; L parser
_ACCpause                       = $777B ; G parser
_ACCgoto                        = $777C ; G parser
_ACCclearexit                   = $7791 ; G parser
i_148                           = $77B1 ; L parser
i_147                           = $77B2 ; L parser
_ACCgetexit                     = $77CD ; G parser
i_152                           = $7814 ; L parser
i_153_i_152                     = $7817 ; L parser
i_150                           = $7833 ; L parser
i_151                           = $7833 ; L parser
_ACCsetexit                     = $7838 ; G parser
i_154                           = $7869 ; L parser
_ACCmessage                     = $786A ; G parser
_trytoGet                       = $787D ; G parser
i_155                           = $78A1 ; L parser
i_156                           = $7925 ; L parser
_ACCget                         = $794F ; G parser
i_158                           = $7984 ; L parser
i_157                           = $799D ; L parser
i_161                           = $79C5 ; L parser
i_160                           = $79CB ; L parser
i_162                           = $79CB ; L parser
i_164                           = $79E3 ; L parser
i_165_i_164                     = $79E6 ; L parser
i_166                           = $79FB ; L parser
i_167                           = $7A01 ; L parser
i_163                           = $7A04 ; L parser
i_168                           = $7A23 ; L parser
_ACCdrop                        = $7A29 ; G parser
i_169                           = $7A69 ; L parser
i_170                           = $7A9A ; L parser
i_171                           = $7AEB ; L parser
_ACCdestroy                     = $7AF1 ; G parser
_ACCcreate                      = $7B08 ; G parser
_ACCswap                        = $7B22 ; G parser
_ACCplace                       = $7B7A ; G parser
i_173                           = $7B89 ; L parser
i_172                           = $7BA4 ; L parser
i_175                           = $7BBF ; L parser
_ACCnewline                     = $7BC0 ; G parser
_ACCwriteText                   = $7BC4 ; G parser
_ACCwrite                       = $7BD9 ; G parser
_ACCwriteln                     = $7BDF ; G parser
_ACCsysmess                     = $7BE8 ; G parser
_ACCcopyof                      = $7BF5 ; G parser
_ACCcopyoo                      = $7BF6 ; G parser
_ACCcopyfo                      = $7BF7 ; G parser
_ACCcopyff                      = $7BF8 ; G parser
_ACClistat                      = $7BF9 ; G parser
i_176                           = $7CAE ; L parser
i_177                           = $7CBA ; L parser
i_179                           = $7CC3 ; L parser
i_182                           = $7D3F ; L parser
i_183_i_182                     = $7D42 ; L parser
i_185                           = $7D75 ; L parser
i_186_i_185                     = $7D78 ; L parser
i_184                           = $7D7E ; L parser
i_187                           = $7D9B ; L parser
i_189                           = $7DB8 ; L parser
i_190_i_189                     = $7DBB ; L parser
i_180                           = $7DC1 ; L parser
i_181                           = $7DC1 ; L parser
i_188                           = $7DC1 ; L parser
i_178                           = $7DC4 ; L parser
_ACClistnpc                     = $7DC9 ; G parser
_ACClistobj                     = $7DCA ; G parser
i_191                           = $7E6F ; L parser
_ACCobjat                       = $7E72 ; G parser
_ACCmes                         = $7E84 ; G parser
_ACCweigh                       = $7E94 ; G parser
_ACCability                     = $7EBE ; G parser
_ACCweight                      = $7ED8 ; G parser
_ACCrandom                      = $7F24 ; G parser
_ACCwhato                       = $7F25 ; G parser
_ACCputo                        = $7F26 ; G parser
_ACCnotdone                     = $7F27 ; G parser
_ACCautop                       = $7F2F ; G parser
_ACCautot                       = $7F30 ; G parser
_CNDmove                        = $7F31 ; G parser
_ACCpicture                     = $7F5B ; G parser
i_192                           = $7F9B ; L parser
i_193                           = $7FCF ; L parser
_ACCgraphic                     = $7FD1 ; G parser
i_194                           = $7FEB ; L parser
_ACCbeep                        = $7FEC ; G parser
_ACCsound                       = $7FED ; G parser
_CNDozero                       = $7FEE ; G parser
i_195                           = $800E ; L parser
_CNDonotzero                    = $8012 ; G parser
i_196                           = $8030 ; L parser
i_197                           = $8034 ; L parser
_ACCoset                        = $8035 ; G parser
_ACCoclear                      = $8064 ; G parser
_CNDislight                     = $8099 ; G parser
_CNDisnotlight                  = $809A ; G parser
_ACCversion                     = $80A4 ; G parser
_ACCrestart                     = $80A5 ; G parser
_ACCtranscript                  = $80A6 ; G parser
_ACCanykey                      = $80A7 ; G parser
_ACCgetkey                      = $80B1 ; G parser
_CNDobjfound                    = $80B2 ; G parser
_CNDobjnotfound                 = $80B3 ; G parser
_CNDcarried                     = $80B4 ; G parser
i_198                           = $80D0 ; L parser
i_199                           = $80EB ; L parser
_ACConeg                        = $80F0 ; G parser
_findMatchingObject             = $811F ; G parser
i_200                           = $8135 ; L parser
i_202                           = $813E ; L parser
i_204                           = $816F ; L parser
i_208                           = $81C8 ; L parser
i_207                           = $81CA ; L parser
i_210_i_207                     = $81CD ; L parser
i_203                           = $81D5 ; L parser
i_206                           = $81D5 ; L parser
i_201                           = $81D8 ; L parser
_isAccesibleContainer           = $81DE ; G parser
i_211                           = $81F3 ; L parser
i_213                           = $821D ; L parser
i_214_i_213                     = $8220 ; L parser
i_212                           = $8225 ; L parser
i_216                           = $8269 ; L parser
i_217_i_216                     = $826C ; L parser
i_215                           = $8271 ; L parser
_ACCgetReferredObject           = $8276 ; G parser
i_218                           = $82A2 ; L parser
i_219                           = $82EA ; L parser
i_220                           = $8327 ; L parser
i_221                           = $8367 ; L parser
i_222                           = $8373 ; L parser
i_224                           = $837C ; L parser
i_227                           = $83D1 ; L parser
i_228                           = $83D4 ; L parser
i_226                           = $83D8 ; L parser
i_229_i_226                     = $83DB ; L parser
i_225                           = $842E ; L parser
i_230                           = $842E ; L parser
i_223                           = $8431 ; L parser
_getFlag                        = $843C ; G parser
_setFlag                        = $844A ; G parser
_dropall                        = $8461 ; G parser
i_231                           = $846E ; L parser
i_233                           = $8477 ; L parser
i_234                           = $84AB ; L parser
i_232                           = $84AE ; L parser
i_235                           = $84BA ; L parser
i_237                           = $84C3 ; L parser
i_238                           = $84F7 ; L parser
i_236                           = $84FA ; L parser
_done                           = $84FC ; G parser
_desc                           = $8504 ; G parser
_loc_here                       = $850C ; G parser
_get_loc_pos                    = $8512 ; G parser
i_239                           = $851B ; L parser
i_241                           = $855A ; L parser
i_240                           = $8566 ; L parser
_get_obj_pos                    = $856C ; G parser
i_242                           = $8585 ; L parser
i_243                           = $8585 ; L parser
i_245                           = $85C0 ; L parser
i_244                           = $85CC ; L parser
_get_img_pos                    = $85D2 ; G parser
i_246                           = $85DB ; L parser
i_248                           = $8612 ; L parser
i_247                           = $861E ; L parser
_get_msg_pos                    = $8624 ; G parser
i_249                           = $862D ; L parser
i_251                           = $8672 ; L parser
i_250                           = $867E ; L parser
_get_table_num                  = $8684 ; G parser
i_252                           = $8694 ; L parser
i_254                           = $86BD ; L parser
i_255                           = $86EB ; L parser
i_253                           = $86F7 ; L parser
_getObjectLocation              = $86FC ; G parser
i_257                           = $8731 ; L parser
i_256                           = $874A ; L parser
i_259                           = $8768 ; L parser
_setObjectLocation              = $876A ; G parser
i_261                           = $8779 ; L parser
i_260                           = $879B ; L parser
i_263                           = $87CD ; L parser
_objectIsSupporter              = $87CE ; G parser
i_264                           = $87DE ; L parser
i_265                           = $87FE ; L parser
_objectIsContainer              = $8803 ; G parser
i_266                           = $8813 ; L parser
i_267                           = $8833 ; L parser
i_268                           = $8838 ; L parser
_objectIsAttr                   = $883D ; G parser
i_269                           = $8876 ; L parser
i_270                           = $8879 ; L parser
_getObjectWeight                = $887C ; G parser
i_272                           = $88BA ; L parser
i_273                           = $88BD ; L parser
i_274                           = $88CF ; L parser
i_275_i_274                     = $88D2 ; L parser
i_271                           = $88EE ; L parser
_getLocationObjectsWeight       = $88F8 ; G parser
i_277                           = $8929 ; L parser
i_276                           = $893B ; L parser
i_279                           = $895A ; L parser
i_280                           = $8966 ; L parser
i_282                           = $896F ; L parser
i_286                           = $89FC ; L parser
i_287                           = $89FF ; L parser
i_283                           = $8A2F ; L parser
i_284                           = $8A2F ; L parser
i_285                           = $8A2F ; L parser
i_281                           = $8A32 ; L parser
__size                          = $8A3E ; G 
_getObjectCountAt               = $8A3E ; G parser
i_289                           = $8A5F ; L parser
i_288                           = $8A71 ; L parser
i_291                           = $8A90 ; L parser
i_292                           = $8A9C ; L parser
i_294                           = $8AA5 ; L parser
i_295                           = $8AEE ; L parser
i_296                           = $8AEE ; L parser
i_293                           = $8AF1 ; L parser
_getObjectCountAtWithAttr       = $8AFC ; G parser
i_297                           = $8B18 ; L parser
i_299                           = $8B21 ; L parser
i_301                           = $8B80 ; L parser
i_302_i_301                     = $8B83 ; L parser
i_300                           = $8B8C ; L parser
i_298                           = $8B8F ; L parser
_getNPCCountAt                  = $8B96 ; G parser
i_303                           = $8BB3 ; L parser
i_305                           = $8BBC ; L parser
i_307                           = $8C11 ; L parser
i_308_i_307                     = $8C14 ; L parser
i_306                           = $8C1D ; L parser
i_304                           = $8C20 ; L parser
_objectIsNPC                    = $8C28 ; G parser
i_309                           = $8C3C ; L parser
i_310                           = $8C6B ; L parser
i_311                           = $8C70 ; L parser
_writeObject                    = $8C72 ; G parser
i_312                           = $8D1F ; L parser
i_316                           = $8D52 ; L parser
i_317                           = $8D58 ; L parser
i_315                           = $8D5B ; L parser
i_319                           = $8D6D ; L parser
i_318                           = $8D73 ; L parser
i_320                           = $8D73 ; L parser
i_314                           = $8D76 ; L parser
i_323                           = $8D95 ; L parser
i_324                           = $8D9B ; L parser
i_322                           = $8D9E ; L parser
i_326                           = $8DB0 ; L parser
i_313                           = $8DB6 ; L parser
i_321                           = $8DB6 ; L parser
i_325                           = $8DB6 ; L parser
i_327                           = $8DB6 ; L parser
_newLine                        = $8DD6 ; G parser
i_328                           = $8E08 ; L parser
_scrollVTextWindow              = $8E09 ; G parser
_CaptionBox                     = $8E1B ; G parser
_writeTextCenter                = $8E21 ; G parser
_writeText                      = $8E22 ; G parser
i_329                           = $8E6E ; L parser
i_331                           = $8E88 ; L parser
i_332_i_331                     = $8E8B ; L parser
i_334                           = $8EB5 ; L parser
i_336                           = $8EE5 ; L parser
i_337_i_336                     = $8EE8 ; L parser
i_335                           = $8F29 ; L parser
i_333                           = $8F2C ; L parser
i_338                           = $8F4A ; L parser
i_330                           = $8F56 ; L parser
i_339                           = $8F62 ; L parser
i_342                           = $8FBB ; L parser
i_344                           = $8FCA ; L parser
i_346                           = $8FE6 ; L parser
i_345                           = $8FEF ; L parser
i_349                           = $9029 ; L parser
i_348                           = $902C ; L parser
i_341                           = $9053 ; L parser
i_351                           = $905C ; L parser
i_340                           = $9068 ; L parser
_writeSysMessage                = $906F ; G parser
_writeMessage                   = $9089 ; G parser
_defineGraphWindow              = $90A3 ; G parser
_defineTextWindow               = $90A4 ; G parser
_clearGraphWindow               = $90D4 ; G parser
_clearTextWindow                = $90D5 ; G parser
i_352                           = $90F9 ; L parser
i_354                           = $9102 ; L parser
i_355                           = $9120 ; L parser
i_357                           = $9129 ; L parser
i_356                           = $9159 ; L parser
i_353                           = $915C ; L parser
_clearTextLine                  = $915F ; G parser
i_358                           = $916C ; L parser
i_360                           = $9175 ; L parser
i_359                           = $91A7 ; L parser
_gotoxy                         = $91A9 ; G parser
_getInput                       = $91BF ; G parser
i_361                           = $91F5 ; L parser
i_363                           = $920B ; L parser
i_364_i_363                     = $920E ; L parser
i_365                           = $9242 ; L parser
i_367                           = $9261 ; L parser
i_366                           = $926E ; L parser
i_362                           = $928C ; L parser
_fontStyle                      = $92AE ; G parser
i_370                           = $92B6 ; L parser
i_369                           = $92C6 ; L parser
i_371                           = $92C6 ; L parser
i_372                           = $92C6 ; L parser
i_373                           = $92C6 ; L parser
_hideGraphicsWindow             = $92C8 ; G parser
_setConnection                  = $92DD ; G parser
i_374                           = $9327 ; L parser
_getConnection                  = $9328 ; G parser
i_375                           = $9339 ; L parser
_ACCautow                       = $9361 ; G parser
i_376                           = $9395 ; L parser
i_377                           = $93C8 ; L parser
i_378                           = $93FB ; L parser
_ACCautor                       = $9409 ; G parser
i_379                           = $943D ; L parser
i_380                           = $9470 ; L parser
i_381                           = $94A3 ; L parser
_ACCremove                      = $94B1 ; G parser
i_382                           = $950F ; L parser
i_383                           = $9540 ; L parser
i_385                           = $9594 ; L parser
i_384                           = $95A0 ; L parser
_ACCwear                        = $95A6 ; G parser
i_386                           = $95E6 ; L parser
i_387                           = $9617 ; L parser
i_389                           = $965F ; L parser
i_388                           = $968C ; L parser
_ACCputin                       = $9692 ; G parser
i_390                           = $96EA ; L parser
i_391                           = $971A ; L parser
i_393                           = $9780 ; L parser
i_394                           = $9794 ; L parser
i_392                           = $97AC ; L parser
_ACCtakeout                     = $97B1 ; G parser
i_396                           = $97F8 ; L parser
i_395                           = $9809 ; L parser
i_399                           = $9852 ; L parser
i_400                           = $9858 ; L parser
i_398                           = $9860 ; L parser
i_401                           = $9896 ; L parser
i_402                           = $98B4 ; L parser
_respuestas                     = $98D3 ; G juego_compressed
i_13                            = $98F9 ; L juego_compressed
i_14                            = $991B ; L juego_compressed
i_15                            = $991B ; L juego_compressed
i_16                            = $9935 ; L juego_compressed
i_18                            = $9944 ; L juego_compressed
i_19_i_18                       = $9947 ; L juego_compressed
i_17                            = $9959 ; L juego_compressed
i_20                            = $9968 ; L juego_compressed
i_12                            = $997A ; L juego_compressed
i_23                            = $9994 ; L juego_compressed
i_24_i_23                       = $9997 ; L juego_compressed
i_22                            = $99A9 ; L juego_compressed
i_26                            = $99BB ; L juego_compressed
i_27_i_26                       = $99BE ; L juego_compressed
i_25                            = $99D0 ; L juego_compressed
i_29                            = $99E2 ; L juego_compressed
i_30_i_29                       = $99E5 ; L juego_compressed
i_21                            = $99F7 ; L juego_compressed
i_28                            = $99F7 ; L juego_compressed
i_32                            = $9A11 ; L juego_compressed
i_33_i_32                       = $9A14 ; L juego_compressed
i_35                            = $9A2B ; L juego_compressed
i_36_i_35                       = $9A2E ; L juego_compressed
i_31                            = $9A3A ; L juego_compressed
i_34                            = $9A3A ; L juego_compressed
i_38                            = $9A54 ; L juego_compressed
i_39_i_38                       = $9A57 ; L juego_compressed
i_37                            = $9A74 ; L juego_compressed
i_40                            = $9A74 ; L juego_compressed
i_42                            = $9A83 ; L juego_compressed
i_43_i_42                       = $9A86 ; L juego_compressed
i_41                            = $9A98 ; L juego_compressed
i_46                            = $9AC2 ; L juego_compressed
i_45                            = $9ADC ; L juego_compressed
i_47                            = $9ADC ; L juego_compressed
i_49                            = $9AEC ; L juego_compressed
i_51                            = $9B09 ; L juego_compressed
i_48                            = $9B1B ; L juego_compressed
i_52                            = $9B1B ; L juego_compressed
i_54                            = $9B2B ; L juego_compressed
i_56                            = $9B48 ; L juego_compressed
i_44                            = $9B5A ; L juego_compressed
i_53                            = $9B5A ; L juego_compressed
i_57                            = $9B5A ; L juego_compressed
i_58                            = $9B74 ; L juego_compressed
i_60                            = $9B99 ; L juego_compressed
i_59                            = $9BAB ; L juego_compressed
i_62                            = $9BD0 ; L juego_compressed
i_61                            = $9BE2 ; L juego_compressed
i_63                            = $9BE2 ; L juego_compressed
i_65                            = $9C04 ; L juego_compressed
i_68                            = $9C1B ; L juego_compressed
i_69_i_68                       = $9C1E ; L juego_compressed
i_67                            = $9C30 ; L juego_compressed
i_70                            = $9C4A ; L juego_compressed
i_71                            = $9C64 ; L juego_compressed
i_72                            = $9C7E ; L juego_compressed
i_74                            = $9C9E ; L juego_compressed
i_73                            = $9CB0 ; L juego_compressed
i_76                            = $9CCA ; L juego_compressed
i_66                            = $9CE4 ; L juego_compressed
i_77                            = $9CE4 ; L juego_compressed
i_80                            = $9CFC ; L juego_compressed
i_79                            = $9CFE ; L juego_compressed
i_82_i_79                       = $9D01 ; L juego_compressed
i_78                            = $9D13 ; L juego_compressed
i_84                            = $9D22 ; L juego_compressed
i_85_i_84                       = $9D25 ; L juego_compressed
i_64                            = $9D37 ; L juego_compressed
i_83                            = $9D37 ; L juego_compressed
i_88                            = $9D61 ; L juego_compressed
i_89                            = $9D7B ; L juego_compressed
i_91                            = $9D8B ; L juego_compressed
i_90                            = $9D9D ; L juego_compressed
i_87                            = $9DB7 ; L juego_compressed
i_93                            = $9DB7 ; L juego_compressed
i_95                            = $9DD9 ; L juego_compressed
i_96                            = $9DF3 ; L juego_compressed
i_94                            = $9E0D ; L juego_compressed
i_97                            = $9E0D ; L juego_compressed
i_99                            = $9E1F ; L juego_compressed
i_100_i_99                      = $9E22 ; L juego_compressed
i_86                            = $9E45 ; L juego_compressed
i_98                            = $9E45 ; L juego_compressed
i_103                           = $9E5C ; L juego_compressed
i_104_i_103                     = $9E5F ; L juego_compressed
i_102                           = $9E64 ; L juego_compressed
i_105                           = $9E71 ; L juego_compressed
i_106                           = $9E83 ; L juego_compressed
i_108                           = $9E9D ; L juego_compressed
i_109_i_108                     = $9EA0 ; L juego_compressed
i_107                           = $9EC9 ; L juego_compressed
i_110                           = $9EC9 ; L juego_compressed
i_112                           = $9F00 ; L juego_compressed
i_113                           = $9F1D ; L juego_compressed
i_115                           = $9F3E ; L juego_compressed
i_116_i_115                     = $9F41 ; L juego_compressed
i_111                           = $9F53 ; L juego_compressed
i_114                           = $9F53 ; L juego_compressed
i_118                           = $9F62 ; L juego_compressed
i_119_i_118                     = $9F65 ; L juego_compressed
i_121                           = $9F7D ; L juego_compressed
i_122                           = $9F80 ; L juego_compressed
i_120                           = $9F97 ; L juego_compressed
i_117                           = $9FA9 ; L juego_compressed
i_123                           = $9FA9 ; L juego_compressed
i_125                           = $9FB9 ; L juego_compressed
i_124                           = $9FBE ; L juego_compressed
i_128                           = $9FCD ; L juego_compressed
i_129_i_128                     = $9FD0 ; L juego_compressed
i_127                           = $9FE2 ; L juego_compressed
i_131                           = $9FF1 ; L juego_compressed
i_132_i_131                     = $9FF4 ; L juego_compressed
i_130                           = $A006 ; L juego_compressed
i_135                           = $A01E ; L juego_compressed
i_137                           = $A071 ; L juego_compressed
i_134                           = $A083 ; L juego_compressed
i_138                           = $A083 ; L juego_compressed
i_139                           = $A09D ; L juego_compressed
i_141                           = $A0BF ; L juego_compressed
i_142                           = $A0D9 ; L juego_compressed
i_133                           = $A0EB ; L juego_compressed
i_140                           = $A0EB ; L juego_compressed
i_146                           = $A12C ; L juego_compressed
i_145                           = $A150 ; L juego_compressed
i_147                           = $A150 ; L juego_compressed
i_149                           = $A181 ; L juego_compressed
i_151                           = $A19E ; L juego_compressed
i_101                           = $A1C2 ; L juego_compressed
i_143                           = $A1C2 ; L juego_compressed
i_144                           = $A1C2 ; L juego_compressed
i_148                           = $A1C2 ; L juego_compressed
i_150                           = $A1C2 ; L juego_compressed
i_153                           = $A205 ; L juego_compressed
i_154                           = $A227 ; L juego_compressed
i_155                           = $A227 ; L juego_compressed
i_157                           = $A237 ; L juego_compressed
i_159                           = $A23E ; L juego_compressed
i_160_i_159                     = $A241 ; L juego_compressed
i_152                           = $A253 ; L juego_compressed
i_156                           = $A253 ; L juego_compressed
i_163                           = $A26B ; L juego_compressed
i_165                           = $A285 ; L juego_compressed
i_166                           = $A29F ; L juego_compressed
i_167                           = $A2B9 ; L juego_compressed
i_161                           = $A2D3 ; L juego_compressed
i_162                           = $A2D3 ; L juego_compressed
i_168                           = $A2D3 ; L juego_compressed
i_171                           = $A2F1 ; L juego_compressed
i_173                           = $A309 ; L juego_compressed
i_170                           = $A30F ; L juego_compressed
i_172                           = $A30F ; L juego_compressed
i_176                           = $A331 ; L juego_compressed
i_169                           = $A34B ; L juego_compressed
i_175                           = $A34B ; L juego_compressed
i_177                           = $A34B ; L juego_compressed
i_179                           = $A375 ; L juego_compressed
i_180                           = $A375 ; L juego_compressed
i_181                           = $A395 ; L juego_compressed
i_183                           = $A3A4 ; L juego_compressed
i_184_i_183                     = $A3A7 ; L juego_compressed
i_182                           = $A3B9 ; L juego_compressed
i_186                           = $A3C9 ; L juego_compressed
i_185                           = $A3D5 ; L juego_compressed
i_189                           = $A406 ; L juego_compressed
i_188                           = $A418 ; L juego_compressed
i_191                           = $A43A ; L juego_compressed
i_193                           = $A46E ; L juego_compressed
i_194                           = $A497 ; L juego_compressed
i_195                           = $A4A9 ; L juego_compressed
i_192                           = $A4B5 ; L juego_compressed
i_197                           = $A4C7 ; L juego_compressed
i_198_i_197                     = $A4CA ; L juego_compressed
i_196                           = $A4DC ; L juego_compressed
i_200                           = $A4EE ; L juego_compressed
i_201_i_200                     = $A4F1 ; L juego_compressed
i_203                           = $A512 ; L juego_compressed
i_204_i_203                     = $A515 ; L juego_compressed
i_202                           = $A534 ; L juego_compressed
i_190                           = $A546 ; L juego_compressed
i_199                           = $A546 ; L juego_compressed
i_206                           = $A556 ; L juego_compressed
i_208                           = $A55D ; L juego_compressed
i_209_i_208                     = $A560 ; L juego_compressed
i_210                           = $A58C ; L juego_compressed
i_205                           = $A598 ; L juego_compressed
i_211                           = $A5A5 ; L juego_compressed
i_213                           = $A5BF ; L juego_compressed
i_216                           = $A5E8 ; L juego_compressed
i_217_i_216                     = $A5EB ; L juego_compressed
i_215                           = $A5FD ; L juego_compressed
i_219                           = $A60F ; L juego_compressed
i_220_i_219                     = $A612 ; L juego_compressed
i_218                           = $A681 ; L juego_compressed
i_221                           = $A681 ; L juego_compressed
i_223                           = $A696 ; L juego_compressed
i_224_i_223                     = $A699 ; L juego_compressed
i_225                           = $A6C6 ; L juego_compressed
i_178                           = $A6CC ; L juego_compressed
i_212                           = $A6CC ; L juego_compressed
i_214                           = $A6CC ; L juego_compressed
i_222                           = $A6CC ; L juego_compressed
i_228                           = $A6F6 ; L juego_compressed
i_230                           = $A716 ; L juego_compressed
i_229                           = $A728 ; L juego_compressed
i_226                           = $A742 ; L juego_compressed
i_227                           = $A742 ; L juego_compressed
i_232                           = $A742 ; L juego_compressed
i_235                           = $A770 ; L juego_compressed
i_237                           = $A780 ; L juego_compressed
i_233                           = $A792 ; L juego_compressed
i_234                           = $A792 ; L juego_compressed
i_236                           = $A792 ; L juego_compressed
i_241                           = $A7BC ; L juego_compressed
i_242                           = $A7D6 ; L juego_compressed
i_243                           = $A7F0 ; L juego_compressed
i_239                           = $A80A ; L juego_compressed
i_240                           = $A80A ; L juego_compressed
i_244                           = $A80A ; L juego_compressed
_respuestas_post                = $A816 ; G juego_compressed
i_245                           = $A835 ; L juego_compressed
i_246                           = $A853 ; L juego_compressed
i_248                           = $A87E ; L juego_compressed
i_249                           = $A884 ; L juego_compressed
i_247                           = $A890 ; L juego_compressed
i_250                           = $A8B1 ; L juego_compressed
i_251                           = $A8CF ; L juego_compressed
i_252                           = $A8ED ; L juego_compressed
i_253                           = $A908 ; L juego_compressed
i_254                           = $A923 ; L juego_compressed
i_256                           = $A938 ; L juego_compressed
i_257_i_256                     = $A93B ; L juego_compressed
i_258                           = $A993 ; L juego_compressed
i_255                           = $A9A5 ; L juego_compressed
i_259                           = $A9A5 ; L juego_compressed
i_260                           = $A9C1 ; L juego_compressed
i_262                           = $A9D1 ; L juego_compressed
i_261                           = $A9E3 ; L juego_compressed
_proceso1                       = $A9EE ; G juego_compressed
i_264                           = $AA14 ; L juego_compressed
i_265                           = $AA1C ; L juego_compressed
_proceso1_post                  = $AA1D ; G juego_compressed
_proceso2                       = $AA1E ; G juego_compressed
_main                           = $AA1F ; G juego_compressed
_buscador_tema                  = $AA5D ; G juego_compressed
i_266                           = $AA6D ; L juego_compressed
i_268                           = $AA93 ; L juego_compressed
i_269                           = $AAC0 ; L juego_compressed
i_267                           = $AACC ; L juego_compressed
__bss_compiler_head             = $AAD1 ; G 
__code_compiler_tail            = $AAD1 ; G 
_fzx                            = $AAD1 ; G X__libgfx_libgfx
_flags                          = $AAD3 ; G parser
_playerInput                    = $ABD2 ; G parser
_playerWord                     = $AC22 ; G parser
_TextWindow                     = $AC3B ; G parser
_GraphWindow                    = $AC3F ; G parser
_gNUM_OBJECTS                   = $AC43 ; G parser
_gNUM_LOC                       = $AC44 ; G parser
_gLAST_OBJECT_NUMBER            = $AC45 ; G parser
_gNUM_IMG                       = $AC46 ; G parser
_gDONE_FLAG                     = $AC47 ; G parser
_gDESCRIBE_LOCATION_FLAG        = $AC48 ; G parser
_gIN_RESPONSE                   = $AC49 ; G parser
_gSUCCESS                       = $AC4A ; G parser
_gDOALL_FLAG                    = $AC4B ; G parser
_gPROCESS_IN_DOALL              = $AC4C ; G parser
_gCURRENT_PROCESS               = $AC4D ; G parser
__bss_compiler_tail             = $AC4E ; G 
__rodata_compiler_head          = $AC4E ; G 
_symbol_list                    = $AC4E ; G parser
i_1                             = $AD36 ; L parser
i_1                             = $AFD5 ; L juego_compressed
__data_compiler_head            = $DE38 ; G 
__rodata_compiler_tail          = $DE38 ; G 
_playerPrompt                   = $DE38 ; G parser
_gDEBUGGER                      = $DE3A ; G parser
_gGRAPHICSON                    = $DE3B ; G parser
_gSOUNDSON                      = $DE3C ; G parser
_gINTERRUPTDISABLED             = $DE3D ; G parser
_gSHOWWARNINGS                  = $DE3E ; G parser
_ginEND                         = $DE3F ; G parser
_ginQUIT                        = $DE40 ; G parser
_gENTRY_FOR_DOALL               = $DE41 ; G parser
_verbos_debug_t                 = $DE42 ; G parser
_adverbios_t                    = $DE69 ; G parser
_preposiciones_t                = $DE7E ; G parser
_pronombres_t                   = $DEC0 ; G parser
_conjunciones_t                 = $DEE1 ; G parser
_imagenes_t                     = $DEF9 ; G juego_compressed
_localidades_t                  = $DF1D ; G juego_compressed
_conexiones_t                   = $DF77 ; G juego_compressed
_mensajes_t                     = $DFEC ; G juego_compressed
_mensajesSistema_t              = $E0F7 ; G juego_compressed
_nombres_t                      = $E1D8 ; G juego_compressed
_verbos_t                       = $E32B ; G juego_compressed
_adjetivos_t                    = $E4CC ; G juego_compressed
_objetos_t                      = $E511 ; G juego_compressed
_ordenador_t                    = $E574 ; G juego_compressed
__code_clib_head                = $E6AC ; G 
__data_compiler_tail            = $E6AC ; G 
_utoa                           = $E6AC ; G utoa
utoa                            = $E6AC ; G utoa
_utoa_callee                    = $E6B7 ; G utoa_callee
utoa_callee                     = $E6B7 ; G utoa_callee
asmentry                        = $E6BC ; L utoa_callee
_itoa_callee                    = $E6CF ; G itoa_callee
itoa_callee                     = $E6CF ; G itoa_callee
asmentry                        = $E6D4 ; L itoa_callee
negative                        = $E6E8 ; L itoa_callee
libentry                        = $E6F3 ; L itoa_callee
notneg                          = $E6F3 ; L itoa_callee
loop                            = $E6F4 ; L itoa_callee
nowrite0                        = $E70A ; L itoa_callee
exit0                           = $E71B ; L itoa_callee
exit1                           = $E71F ; L itoa_callee
_memset_callee                  = $E722 ; G memset_callee
memset_callee                   = $E722 ; G memset_callee
asmentry                        = $E726 ; L memset_callee
_strncmp_callee                 = $E736 ; G strncmp_callee
strncmp_callee                  = $E736 ; G strncmp_callee
asmentry                        = $E73A ; L strncmp_callee
strncmp1                        = $E73E ; L strncmp_callee
equal                           = $E74B ; L strncmp_callee
different                       = $E74F ; L strncmp_callee
_strrev                         = $E756 ; G strrev
strrev                          = $E756 ; G strrev
revlp                           = $E76D ; L strrev
exit                            = $E776 ; L strrev
__code_clib_tail                = $E778 ; G 
__code_crt0_sccz80_head         = $E778 ; G 
l_deneg                         = $E778 ; G l_deneg
l_div_u                         = $E780 ; G l_div_u
entry                           = $E784 ; L l_div_u
l_div1                          = $E78B ; L l_div_u
l_div2                          = $E795 ; L l_div_u
l_eq                            = $E79F ; G l_eq
l_gint                          = $E7A9 ; G l_gint
l_gintsp                        = $E7AE ; G l_gintsp
l_gintspsp                      = $E7B6 ; G l_gintspsp
l_glong                         = $E7BF ; G l_glong
l_glongsp                       = $E7C9 ; G l_glongsp
l_lneg                          = $E7DA ; G l_lneg
l_mult                          = $E7E3 ; G l_mul
l_mult1                         = $E7EA ; L l_mul
l_mult2                         = $E7F1 ; L l_mul
l_ne                            = $E7F4 ; G l_ne
l_or                            = $E7FF ; G l_or
l_plong                         = $E806 ; G l_plong
l_sxt                           = $E812 ; G l_sxt
l_uge                           = $E817 ; G l_uge
l_compare_result                = $E823 ; G l_compare_result
l_ugt                           = $E829 ; G l_ugt
l_ule                           = $E833 ; G l_ule
l_ult                           = $E83F ; G l_ult
l_long_and                      = $E849 ; G l_long_and
l_long_lneg                     = $E85B ; G l_long_lneg
l_long_lneg1                    = $E867 ; L l_long_lneg
l_long_or                       = $E86A ; G l_long_or
l_long_ugt                      = $E87C ; G l_long_ugt
l_long_ugt1                     = $E883 ; L l_long_ugt
l_long_ucmp                     = $E885 ; G l_long_ucmp
l_long_ucmp1                    = $E8AB ; L l_long_ucmp
l_long_xor                      = $E8B4 ; G l_long_xor
__code_crt0_sccz80_tail         = $E8C6 ; G 
__tail                          = $E8C6 ; G 
