CLIB_FOPEN_MAX                  = $FFFFFFFF ; L crt0_base
ASMDISP_STRREV                  = $0000 ; G strrev
CLIB_EXIT_STACK_SIZE            = $0000 ; L crt0_base
CLIB_MALLOC_HEAP_SIZE           = $0000 ; L crt0_base
CLIB_STDIO_HEAP_SIZE            = $0000 ; L crt0_base
CRT_ENABLE_CLOSE                = $0000 ; L crt0_base
CRT_Z88_BADPAGES                = $0000 ; L crt0_base
CRT_Z88_EXPANDED                = $0000 ; L crt0_base
FONT                            = $0000 ; L fzx_putc
CRT_ENABLE_RESTART              = $0001 ; L crt0_base
DEFINED_CLIB_EXIT_STACK_SIZE    = $0001 ; L crt0_base
DEFINED_CLIB_FOPEN_MAX          = $0001 ; L crt0_base
DEFINED_CLIB_MALLOC_HEAP_SIZE   = $0001 ; L crt0_base
DEFINED_CLIB_STDIO_HEAP_SIZE    = $0001 ; L crt0_base
DEFINED_CRT_ENABLE_CLOSE        = $0001 ; L crt0_base
DEFINED_CRT_ENABLE_RESTART      = $0001 ; L crt0_base
DEFINED_CRT_Z88_BADPAGES        = $0001 ; L crt0_base
DEFINED_CRT_Z88_EXPANDED        = $0001 ; L crt0_base
DEFINED_STACKPTR                = $0001 ; L crt0_base
DEFINED_startup                 = $0001 ; L crt0_base
NEED_floatpack                  = $0001 ; L crt0_base
startup                         = $0001 ; L crt0_base
MARGIN                          = $0002 ; L fzx_putc
P_FLAG                          = $0003 ; L fzx_putc
ASMDISP_MEMSET_CALLEE           = $0004 ; G memset_callee
ASMDISP_STRNCMP_CALLEE          = $0004 ; G strncmp_callee
L_DIVENTRY                      = $0004 ; G l_div_u
P_COL                           = $0004 ; L fzx_putc
ASMDISP_ITOA_CALLEE             = $0005 ; G itoa_callee
ASMDISP_UTOA_CALLEE             = $0005 ; G utoa_callee
LIBDISP_ITOA_CALLEE             = $0024 ; G itoa_callee
__code_clib_size                = $00F8 ; G 
__code_crt0_sccz80_size         = $0169 ; G 
__bss_compiler_size             = $017B ; G 
__data_compiler_size            = $079F ; G 
__rodata_compiler_size          = $30B1 ; G 
__code_compiler_size            = $33F9 ; G 
STACKPTR                        = $5E88 ; L crt0_base
__head                          = $5E88 ; G 
zx_saddrpdown                   = $5E9B ; G zx_saddrpdown
_fzx                            = $5EB1 ; G _fzx
fzx_putc                        = $5EB7 ; G fzx_putc
asm_fzx_putc                    = $5EB8 ; G fzx_putc
get_lin                         = $5EC1 ; L fzx_putc
get_col                         = $5EC2 ; L fzx_putc
chk_at                          = $5EC7 ; L fzx_putc
chk_cr                          = $5ED0 ; L fzx_putc
chk_char                        = $5EE0 ; L fzx_putc
undef_char                      = $5EEA ; L fzx_putc
print_char                      = $5EEC ; L fzx_putc
narrow_char                     = $5F1D ; L fzx_putc
off_screen                      = $5F33 ; L fzx_putc
on_screen                       = $5F34 ; L fzx_putc
x_fine                          = $5F3C ; L fzx_putc
main_loop                       = $5F54 ; L fzx_putc
SMC                             = $5F56 ; L fzx_putc
rotate_pixels                   = $5F5F ; L fzx_putc
no_rotate                       = $5F66 ; L fzx_putc
chk_loop                        = $5F75 ; L fzx_putc
WIDTH1                          = $5F7F ; L fzx_putc
exit                            = $5F88 ; L fzx_putc
newline                         = $5F8C ; L fzx_putc
error_onc                       = $5F97 ; G error_onc
error_zc                        = $5F9F ; G error_zc
asm_fzx_puts                    = $5FA4 ; G fzx_puts
fzx_puts                        = $5FA4 ; G fzx_puts
loop                            = $5FA8 ; L fzx_puts
zx_pxy2saddr                    = $5FB6 ; G zx_pxy2saddr
_ff_utz_Handpress               = $5FD6 ; G _ff_utz_Handpress
_ff_utz_ShadowFlower            = $6363 ; G _ff_utz_ShadowFlower
dzx7AgileRCS_callee             = $670A ; G dzx7AgileRCS_callee
asm_dzx7AgileRCS                = $670D ; G dzx7AgileRCS_callee
dzx7_agilercs                   = $670D ; L dzx7AgileRCS_callee
dzx7a_copy_byte_loop1           = $670F ; L dzx7AgileRCS_callee
dzx7a_main_loop1                = $6713 ; L dzx7AgileRCS_callee
dzx7a_copy_byte_loop            = $671C ; L dzx7AgileRCS_callee
dzx7a_main_loop                 = $671E ; L dzx7AgileRCS_callee
dzx7a_len_size_start            = $6724 ; L dzx7AgileRCS_callee
dzx7a_len_size_loop             = $6729 ; L dzx7AgileRCS_callee
dzx7a_len_value_loop            = $6733 ; L dzx7AgileRCS_callee
dzx7a_len_value_start           = $673D ; L dzx7AgileRCS_callee
dzx7a_offset_end                = $6761 ; L dzx7AgileRCS_callee
dzx7a_copy_bytes                = $6775 ; L dzx7AgileRCS_callee
dzx7a_load_bits                 = $6786 ; L dzx7AgileRCS_callee
dzx7a_copy_byte                 = $678A ; L dzx7AgileRCS_callee
dzx7a_exit                      = $6790 ; L dzx7AgileRCS_callee
dzx7a_convert                   = $6793 ; L dzx7AgileRCS_callee
stdio_error_zc                  = $67A4 ; G stdio_error_zc
stdio_basechar                  = $67A9 ; G stdio_basechar
stdio_atou                      = $67CD ; G stdio_atou
loop                            = $67D1 ; L stdio_atou
__code_compiler_head            = $67E8 ; G 
_setRAMPage                     = $67E8 ; G X__libgfx_libgfx
_setRAMBack                     = $67FD ; G X__libgfx_libgfx
_drawVline                      = $680D ; G X__libgfx_libgfx
_drawHline                      = $680E ; G X__libgfx_libgfx
_drawline                       = $680F ; G X__libgfx_libgfx
_scrollArriba                   = $6810 ; G X__libgfx_libgfx
SA1start                        = $681C ; L X__libgfx_libgfx
SA1loops                        = $684B ; L X__libgfx_libgfx
SA1loop                         = $684D ; L X__libgfx_libgfx
notfillzero                     = $6857 ; L X__libgfx_libgfx
nextscan                        = $6864 ; L X__libgfx_libgfx
nextrow                         = $686D ; L X__libgfx_libgfx
_drawRectangle                  = $687E ; G X__libgfx_libgfx
_clsScreen                      = $687F ; G X__libgfx_libgfx
i_4                             = $6886 ; L X__libgfx_libgfx
i_5                             = $6894 ; L X__libgfx_libgfx
inicio                          = $689F ; L X__libgfx_libgfx
i_6                             = $68D5 ; L X__libgfx_libgfx
inicio2                         = $68E0 ; L X__libgfx_libgfx
fin                             = $6912 ; L X__libgfx_libgfx
i_3                             = $6913 ; L X__libgfx_libgfx
_drawGFX                        = $6917 ; G X__libgfx_libgfx
Wait_For_Keys_Pressed           = $6918 ; L X__libgfx_libgfx
_waitForAnyKey                  = $6918 ; G X__libgfx_libgfx
Wait_For_Keys_NotPressed        = $6921 ; L X__libgfx_libgfx
_waitForNoKey                   = $6921 ; G X__libgfx_libgfx
Read_Keyboard                   = $692A ; L X__libgfx_libgfx
_getKey                         = $692A ; G X__libgfx_libgfx
Read_Keyboard_0                 = $6934 ; L X__libgfx_libgfx
Read_Keyboard_1                 = $693C ; L X__libgfx_libgfx
nokey                           = $694A ; L X__libgfx_libgfx
Read_Keyboard_2                 = $6954 ; L X__libgfx_libgfx
Return_Keyboard                 = $6961 ; L X__libgfx_libgfx
Keyboard_Map                    = $6965 ; L X__libgfx_libgfx
_clearchar                      = $6996 ; G X__libgfx_libgfx
i_7                             = $69F2 ; L X__libgfx_libgfx
i_9                             = $69FB ; L X__libgfx_libgfx
i_8                             = $6A23 ; L X__libgfx_libgfx
_clear_screen                   = $6A37 ; G X__libgfx_libgfx
_putpixel                       = $6A61 ; G X__libgfx_libgfx
_initParser                     = $6A62 ; G parser
i_18                            = $6AC8 ; L parser
i_21                            = $6B28 ; L parser
i_20                            = $6B30 ; L parser
i_19                            = $6B33 ; L parser
i_23                            = $6B3A ; L parser
i_24                            = $6B76 ; L parser
i_25                            = $6B7D ; L parser
i_26                            = $6B9A ; L parser
_ParserLoop                     = $6BB2 ; G parser
i_27                            = $6BB4 ; L parser
i_31                            = $6C55 ; L parser
i_33                            = $6C6E ; L parser
i_35                            = $6C77 ; L parser
i_37                            = $6CC5 ; L parser
i_38_i_37                       = $6CC8 ; L parser
i_36                            = $6CE6 ; L parser
i_34                            = $6CE9 ; L parser
i_32                            = $6CEC ; L parser
i_30                            = $6D0F ; L parser
i_29                            = $6D15 ; L parser
i_39                            = $6D15 ; L parser
i_41                            = $6D40 ; L parser
i_40                            = $6D46 ; L parser
i_42                            = $6D49 ; L parser
i_28                            = $6D4C ; L parser
_parse                          = $6D4F ; G parser
i_43                            = $6DAA ; L parser
i_46                            = $6DCD ; L parser
i_47_i_46                       = $6DD0 ; L parser
i_45                            = $6DD7 ; L parser
i_49                            = $6DF5 ; L parser
i_51                            = $6DFE ; L parser
i_52_i_51                       = $6E01 ; L parser
i_55                            = $6E47 ; L parser
i_56_i_55                       = $6E4A ; L parser
i_54                            = $6E61 ; L parser
i_59                            = $6E71 ; L parser
i_61                            = $6E8F ; L parser
i_62_i_61                       = $6E92 ; L parser
i_64                            = $6EAC ; L parser
i_65_i_64                       = $6EAF ; L parser
i_63                            = $6EC0 ; L parser
i_67                            = $6EDE ; L parser
i_66                            = $6EF2 ; L parser
i_68                            = $6EF2 ; L parser
i_58                            = $6EF5 ; L parser
i_71                            = $6F1B ; L parser
i_72_i_71                       = $6F1E ; L parser
i_73                            = $6F3C ; L parser
i_74                            = $6F4A ; L parser
i_70                            = $6F4D ; L parser
i_77                            = $6F73 ; L parser
i_78_i_77                       = $6F76 ; L parser
i_76                            = $6F8D ; L parser
i_81                            = $6FB3 ; L parser
i_82_i_81                       = $6FB6 ; L parser
i_57                            = $6FCA ; L parser
i_69                            = $6FCA ; L parser
i_75                            = $6FCA ; L parser
i_79                            = $6FCA ; L parser
i_80                            = $6FCA ; L parser
i_53                            = $6FCD ; L parser
i_85                            = $6FED ; L parser
i_86_i_85                       = $6FF0 ; L parser
i_84                            = $7007 ; L parser
i_88                            = $7026 ; L parser
i_48                            = $7042 ; L parser
i_83                            = $7042 ; L parser
i_87                            = $7042 ; L parser
i_89                            = $7042 ; L parser
i_90                            = $7042 ; L parser
i_92                            = $7055 ; L parser
i_93_i_92                       = $7058 ; L parser
i_91                            = $705E ; L parser
i_94                            = $7091 ; L parser
i_95                            = $7091 ; L parser
i_97                            = $70A0 ; L parser
i_96                            = $70A6 ; L parser
i_44                            = $70C4 ; L parser
_debugger                       = $70C8 ; G parser
i_101                           = $70CD ; L parser
i_102                           = $710A ; L parser
i_103                           = $710D ; L parser
i_104                           = $711F ; L parser
i_105                           = $712A ; L parser
i_106                           = $7148 ; L parser
i_107                           = $717B ; L parser
i_108                           = $7194 ; L parser
i_109                           = $71A8 ; L parser
i_110                           = $71D2 ; L parser
i_111                           = $71D8 ; L parser
i_112                           = $71DB ; L parser
i_113                           = $71FA ; L parser
i_114                           = $7219 ; L parser
i_115                           = $725E ; L parser
i_100                           = $728C ; L parser
_writeValue                     = $728D ; G parser
_buscador                       = $72B4 ; G parser
i_116                           = $72C4 ; L parser
i_118                           = $72ED ; L parser
i_119                           = $7330 ; L parser
i_117                           = $733C ; L parser
_procesaString                  = $7341 ; G parser
_ACCdesc                        = $7342 ; G parser
_ACCdone                        = $734D ; G parser
_ACCbreak                       = $7355 ; G parser
_CNDat                          = $7362 ; G parser
i_120                           = $7371 ; L parser
i_121                           = $7375 ; L parser
_CNDnotat                       = $7376 ; G parser
_CNDatgt                        = $7389 ; G parser
i_122                           = $739E ; L parser
i_123                           = $73A2 ; L parser
_CNDatlt                        = $73A3 ; G parser
i_124                           = $73B8 ; L parser
i_125                           = $73BC ; L parser
_CNDpresent                     = $73BD ; G parser
i_126                           = $7419 ; L parser
i_127                           = $742A ; L parser
i_128                           = $743B ; L parser
i_130                           = $7458 ; L parser
i_131                           = $745B ; L parser
i_132                           = $747D ; L parser
i_133_i_132                     = $7480 ; L parser
i_134                           = $7496 ; L parser
i_136                           = $74DA ; L parser
i_137_i_136                     = $74DD ; L parser
i_135                           = $74E4 ; L parser
i_139                           = $750E ; L parser
i_140_i_139                     = $7511 ; L parser
i_129                           = $7518 ; L parser
i_138                           = $7518 ; L parser
_CNDabsent                      = $751F ; G parser
i_141                           = $7535 ; L parser
i_142                           = $753A ; L parser
_CNDworn                        = $753C ; G parser
_CNDnotworn                     = $7557 ; G parser
i_143                           = $756D ; L parser
i_144                           = $7572 ; L parser
_CNDnotcarr                     = $7574 ; G parser
i_145                           = $7588 ; L parser
i_146                           = $758C ; L parser
_CNDchance                      = $758D ; G parser
_CNDtimeout                     = $758E ; G parser
_CNDisat                        = $758F ; G parser
i_147                           = $75BA ; L parser
i_148                           = $75BE ; L parser
_CNDisnotat                     = $75BF ; G parser
_CNDprep                        = $75DB ; G parser
_CNDnoun2                       = $75F0 ; G parser
_CNDadject2                     = $7605 ; G parser
_CNDsame                        = $761A ; G parser
_CNDnotsame                     = $7637 ; G parser
_CNDweight                      = $7654 ; G parser
_ACCinven                       = $7655 ; G parser
i_149                           = $7688 ; L parser
i_151                           = $7691 ; L parser
i_155                           = $7715 ; L parser
i_156                           = $7718 ; L parser
i_154                           = $771F ; L parser
i_157                           = $7722 ; L parser
i_153                           = $773C ; L parser
i_152                           = $7745 ; L parser
i_158                           = $7771 ; L parser
i_160                           = $7797 ; L parser
i_162                           = $77B2 ; L parser
i_159                           = $77CD ; L parser
i_163                           = $77CD ; L parser
i_150                           = $77D0 ; L parser
i_164                           = $77EA ; L parser
i_165                           = $77F0 ; L parser
_ACCquit                        = $77FA ; G parser
_ACCend                         = $7806 ; G parser
_ACCok                          = $7819 ; G parser
_ACCramsave                     = $7827 ; G parser
_ACCramload                     = $7828 ; G parser
_ACCsave                        = $7829 ; G parser
_ACCload                        = $782A ; G parser
_ACCturns                       = $782B ; G parser
i_166                           = $7862 ; L parser
_ACCscore                       = $786A ; G parser
i_167                           = $789C ; L parser
_ACCcls                         = $78A4 ; G parser
_ACCautog                       = $78CA ; G parser
i_168                           = $78F4 ; L parser
_ACCautod                       = $7902 ; G parser
i_169                           = $7936 ; L parser
i_170                           = $7969 ; L parser
_ACCpause                       = $7977 ; G parser
_ACCgoto                        = $7978 ; G parser
__size                          = $7985 ; G 
_ACCclearexit                   = $798D ; G parser
i_172                           = $79AD ; L parser
i_171                           = $79AE ; L parser
_ACCgetexit                     = $79C9 ; G parser
i_176                           = $7A10 ; L parser
i_177_i_176                     = $7A13 ; L parser
i_174                           = $7A2F ; L parser
i_175                           = $7A2F ; L parser
_ACCsetexit                     = $7A34 ; G parser
i_178                           = $7A65 ; L parser
_ACCmessage                     = $7A66 ; G parser
_trytoGet                       = $7A71 ; G parser
i_179                           = $7A95 ; L parser
i_180                           = $7B19 ; L parser
_ACCget                         = $7B43 ; G parser
i_182                           = $7B78 ; L parser
i_181                           = $7B91 ; L parser
i_185                           = $7BB9 ; L parser
i_184                           = $7BBF ; L parser
i_186                           = $7BBF ; L parser
i_188                           = $7BD7 ; L parser
i_189_i_188                     = $7BDA ; L parser
i_190                           = $7BEF ; L parser
i_191                           = $7BF5 ; L parser
i_187                           = $7BF8 ; L parser
i_192                           = $7C17 ; L parser
_ACCdrop                        = $7C1D ; G parser
i_193                           = $7C5D ; L parser
i_194                           = $7C8E ; L parser
i_195                           = $7CDF ; L parser
_ACCdestroy                     = $7CE5 ; G parser
_ACCcreate                      = $7CFC ; G parser
_ACCswap                        = $7D16 ; G parser
_ACCplace                       = $7D6E ; G parser
i_197                           = $7D7D ; L parser
i_196                           = $7D98 ; L parser
i_199                           = $7DB3 ; L parser
_ACCnewline                     = $7DB4 ; G parser
_ACCwriteText                   = $7DB8 ; G parser
_ACCsysmess                     = $7DCA ; G parser
_ACCcopyof                      = $7DD7 ; G parser
_ACCcopyoo                      = $7DD8 ; G parser
_ACCcopyfo                      = $7DD9 ; G parser
_ACCcopyff                      = $7DDA ; G parser
_ACClistat                      = $7DDB ; G parser
i_200                           = $7E90 ; L parser
i_201                           = $7E9C ; L parser
i_203                           = $7EA5 ; L parser
i_206                           = $7F21 ; L parser
i_207_i_206                     = $7F24 ; L parser
i_209                           = $7F57 ; L parser
i_210_i_209                     = $7F5A ; L parser
i_208                           = $7F66 ; L parser
i_211                           = $7F83 ; L parser
i_213                           = $7FA0 ; L parser
i_214_i_213                     = $7FA3 ; L parser
i_204                           = $7FA9 ; L parser
i_205                           = $7FA9 ; L parser
i_212                           = $7FA9 ; L parser
i_202                           = $7FAC ; L parser
_ACClistnpc                     = $7FB1 ; G parser
_ACClistobj                     = $7FB2 ; G parser
i_215                           = $8057 ; L parser
_ACCobjat                       = $805A ; G parser
_ACCmes                         = $806A ; G parser
_ACCweigh                       = $8075 ; G parser
_ACCability                     = $809F ; G parser
_ACCweight                      = $80B9 ; G parser
_ACCrandom                      = $8105 ; G parser
_ACCwhato                       = $8106 ; G parser
_ACCputo                        = $8107 ; G parser
_ACCnotdone                     = $8108 ; G parser
_ACCautop                       = $8110 ; G parser
_ACCautot                       = $8111 ; G parser
_CNDmove                        = $8112 ; G parser
_ACCpicture                     = $813C ; G parser
_ACCgraphic                     = $818A ; G parser
i_216                           = $81A4 ; L parser
_ACCbeep                        = $81A5 ; G parser
_ACCsound                       = $81A6 ; G parser
_CNDozero                       = $81A7 ; G parser
i_217                           = $81C7 ; L parser
_CNDonotzero                    = $81CB ; G parser
i_218                           = $81E9 ; L parser
i_219                           = $81ED ; L parser
_ACCoset                        = $81EE ; G parser
_ACCoclear                      = $821D ; G parser
_CNDislight                     = $8252 ; G parser
_CNDisnotlight                  = $8253 ; G parser
_ACCversion                     = $825D ; G parser
_ACCwrite                       = $825E ; G parser
_ACCwriteln                     = $8269 ; G parser
_ACCrestart                     = $8277 ; G parser
_ACCtranscript                  = $8278 ; G parser
_ACCanykey                      = $8279 ; G parser
_ACCgetkey                      = $8283 ; G parser
_CNDobjfound                    = $8284 ; G parser
_CNDobjnotfound                 = $8285 ; G parser
_CNDcarried                     = $8286 ; G parser
i_220                           = $82A2 ; L parser
i_221                           = $82BD ; L parser
_ACConeg                        = $82C2 ; G parser
_findMatchingObject             = $82F1 ; G parser
i_222                           = $8307 ; L parser
i_224                           = $8310 ; L parser
i_226                           = $8341 ; L parser
i_230                           = $839A ; L parser
i_229                           = $839C ; L parser
i_232_i_229                     = $839F ; L parser
i_225                           = $83A7 ; L parser
i_228                           = $83A7 ; L parser
i_223                           = $83AA ; L parser
_isAccesibleContainer           = $83B0 ; G parser
i_233                           = $83C5 ; L parser
i_235                           = $83EF ; L parser
i_236_i_235                     = $83F2 ; L parser
i_234                           = $83F7 ; L parser
i_238                           = $843B ; L parser
i_239_i_238                     = $843E ; L parser
i_237                           = $8443 ; L parser
_ACCgetReferredObject           = $8448 ; G parser
i_240                           = $8474 ; L parser
i_241                           = $84BC ; L parser
i_242                           = $84F9 ; L parser
i_243                           = $8539 ; L parser
i_244                           = $8545 ; L parser
i_246                           = $854E ; L parser
i_249                           = $85A3 ; L parser
i_250                           = $85A6 ; L parser
i_248                           = $85AA ; L parser
i_251_i_248                     = $85AD ; L parser
i_247                           = $8600 ; L parser
i_252                           = $8600 ; L parser
i_245                           = $8603 ; L parser
_getFlag                        = $860E ; G parser
_setFlag                        = $861C ; G parser
_dropall                        = $8633 ; G parser
i_253                           = $8640 ; L parser
i_255                           = $8649 ; L parser
i_256                           = $867D ; L parser
i_254                           = $8680 ; L parser
i_257                           = $868C ; L parser
i_259                           = $8695 ; L parser
i_260                           = $86C9 ; L parser
i_258                           = $86CC ; L parser
_done                           = $86CE ; G parser
_desc                           = $86D6 ; G parser
_loc_here                       = $86DE ; G parser
_get_loc_pos                    = $86E4 ; G parser
i_261                           = $86ED ; L parser
i_263                           = $872C ; L parser
i_262                           = $8738 ; L parser
_get_obj_pos                    = $873E ; G parser
i_264                           = $8757 ; L parser
i_265                           = $8757 ; L parser
i_267                           = $8792 ; L parser
i_266                           = $879E ; L parser
_get_img_pos                    = $87A4 ; G parser
i_268                           = $87AC ; L parser
i_270                           = $87E2 ; L parser
i_269                           = $87EE ; L parser
_get_table_num                  = $87F3 ; G parser
i_271                           = $8803 ; L parser
i_273                           = $882C ; L parser
i_274                           = $885A ; L parser
i_272                           = $8866 ; L parser
_getObjectLocation              = $886B ; G parser
i_276                           = $88A0 ; L parser
i_275                           = $88B9 ; L parser
i_278                           = $88D7 ; L parser
_setObjectLocation              = $88D9 ; G parser
i_280                           = $88E8 ; L parser
i_279                           = $890A ; L parser
i_282                           = $893C ; L parser
_objectIsSupporter              = $893D ; G parser
i_283                           = $894D ; L parser
i_284                           = $896D ; L parser
_objectIsContainer              = $8972 ; G parser
i_285                           = $8982 ; L parser
i_286                           = $89A2 ; L parser
i_287                           = $89A7 ; L parser
_objectIsAttr                   = $89AC ; G parser
i_288                           = $89E5 ; L parser
i_289                           = $89E8 ; L parser
_getObjectWeight                = $89EB ; G parser
i_291                           = $8A29 ; L parser
i_292                           = $8A2C ; L parser
i_293                           = $8A3E ; L parser
i_294_i_293                     = $8A41 ; L parser
i_290                           = $8A5D ; L parser
_getLocationObjectsWeight       = $8A67 ; G parser
i_296                           = $8A98 ; L parser
i_295                           = $8AAA ; L parser
i_298                           = $8AC9 ; L parser
i_299                           = $8AD5 ; L parser
i_301                           = $8ADE ; L parser
i_305                           = $8B6B ; L parser
i_306                           = $8B6E ; L parser
i_302                           = $8B9E ; L parser
i_303                           = $8B9E ; L parser
i_304                           = $8B9E ; L parser
i_300                           = $8BA1 ; L parser
_getObjectCountAt               = $8BAD ; G parser
i_308                           = $8BCE ; L parser
i_307                           = $8BE0 ; L parser
i_310                           = $8BFF ; L parser
i_311                           = $8C0B ; L parser
i_313                           = $8C14 ; L parser
i_314                           = $8C5D ; L parser
i_315                           = $8C5D ; L parser
i_312                           = $8C60 ; L parser
_getObjectCountAtWithAttr       = $8C6B ; G parser
i_316                           = $8C87 ; L parser
i_318                           = $8C90 ; L parser
i_320                           = $8CEF ; L parser
i_321_i_320                     = $8CF2 ; L parser
i_319                           = $8CFB ; L parser
i_317                           = $8CFE ; L parser
_getNPCCountAt                  = $8D05 ; G parser
i_322                           = $8D22 ; L parser
i_324                           = $8D2B ; L parser
i_326                           = $8D80 ; L parser
i_327_i_326                     = $8D83 ; L parser
i_325                           = $8D8C ; L parser
i_323                           = $8D8F ; L parser
_objectIsNPC                    = $8D97 ; G parser
i_328                           = $8DAB ; L parser
i_329                           = $8DDA ; L parser
i_330                           = $8DDF ; L parser
_writeObject                    = $8DE1 ; G parser
i_331                           = $8E8E ; L parser
i_335                           = $8EC1 ; L parser
i_336                           = $8EC7 ; L parser
i_334                           = $8ECA ; L parser
i_338                           = $8EDC ; L parser
i_337                           = $8EE2 ; L parser
i_339                           = $8EE2 ; L parser
i_333                           = $8EE5 ; L parser
i_342                           = $8F04 ; L parser
i_343                           = $8F0A ; L parser
i_341                           = $8F0D ; L parser
i_345                           = $8F1F ; L parser
i_332                           = $8F25 ; L parser
i_340                           = $8F25 ; L parser
i_344                           = $8F25 ; L parser
i_346                           = $8F25 ; L parser
_newLine                        = $8F45 ; G parser
i_347                           = $8F74 ; L parser
_scrollVTextWindow              = $8F75 ; G parser
_CaptionBox                     = $8F87 ; G parser
_writeTextCenter                = $8F8D ; G parser
_writeText                      = $8F8E ; G parser
i_348                           = $8FEC ; L parser
i_350                           = $9006 ; L parser
i_351_i_350                     = $9009 ; L parser
i_353                           = $9033 ; L parser
i_355                           = $9063 ; L parser
i_356_i_355                     = $9066 ; L parser
i_354                           = $90A7 ; L parser
i_352                           = $90AA ; L parser
i_357                           = $90C8 ; L parser
i_349                           = $90D4 ; L parser
i_358                           = $90EC ; L parser
i_362                           = $911D ; L parser
i_364                           = $9147 ; L parser
i_365                           = $9189 ; L parser
i_366                           = $9198 ; L parser
i_367                           = $9198 ; L parser
i_368                           = $91B7 ; L parser
i_361                           = $91BA ; L parser
i_369                           = $91D7 ; L parser
i_360                           = $91DA ; L parser
i_372                           = $91E8 ; L parser
i_373_i_372                     = $91EB ; L parser
i_370                           = $920F ; L parser
i_371                           = $920F ; L parser
i_374                           = $921F ; L parser
i_359                           = $923F ; L parser
_writeSysMessage                = $9246 ; G parser
_writeMessage                   = $9260 ; G parser
_defineGraphWindow              = $927A ; G parser
_defineTextWindow               = $927B ; G parser
_clearGraphWindow               = $92AB ; G parser
_clearTextWindow                = $92AC ; G parser
i_375                           = $92DC ; L parser
i_377                           = $92E5 ; L parser
i_378                           = $9303 ; L parser
i_380                           = $930C ; L parser
i_379                           = $933C ; L parser
i_376                           = $933F ; L parser
_clearTextLine                  = $9342 ; G parser
i_381                           = $934F ; L parser
i_383                           = $9358 ; L parser
i_382                           = $938A ; L parser
_gotoxy                         = $938C ; G parser
_getInput                       = $93A6 ; G parser
i_384                           = $93DA ; L parser
i_387                           = $9425 ; L parser
i_386                           = $9428 ; L parser
i_389                           = $943A ; L parser
i_388                           = $947D ; L parser
i_385                           = $9483 ; L parser
_fontStyle                      = $94A5 ; G parser
i_392                           = $94AD ; L parser
i_393                           = $94C0 ; L parser
i_394                           = $94CD ; L parser
i_395                           = $94DA ; L parser
i_391                           = $94E4 ; L parser
_hideGraphicsWindow             = $94E6 ; G parser
_setConnection                  = $94FB ; G parser
i_396                           = $9545 ; L parser
_getConnection                  = $9546 ; G parser
i_397                           = $9557 ; L parser
_ACCautow                       = $957F ; G parser
i_398                           = $95B5 ; L parser
i_399                           = $95EA ; L parser
i_400                           = $961F ; L parser
_ACCautor                       = $962D ; G parser
i_401                           = $9663 ; L parser
i_402                           = $9698 ; L parser
i_403                           = $96CD ; L parser
_ACCremove                      = $96DB ; G parser
i_404                           = $9737 ; L parser
i_405                           = $9767 ; L parser
i_407                           = $97BA ; L parser
i_406                           = $97C5 ; L parser
_ACCwear                        = $97CA ; G parser
i_408                           = $9808 ; L parser
i_409                           = $9838 ; L parser
i_411                           = $987F ; L parser
i_410                           = $98AB ; L parser
_ACCputin                       = $98B0 ; G parser
i_412                           = $9908 ; L parser
i_413                           = $9938 ; L parser
i_415                           = $999E ; L parser
i_416                           = $99B2 ; L parser
i_414                           = $99CA ; L parser
_ACCtakeout                     = $99CF ; G parser
i_418                           = $9A16 ; L parser
i_417                           = $9A27 ; L parser
i_421                           = $9A70 ; L parser
i_422                           = $9A76 ; L parser
i_420                           = $9A7E ; L parser
i_423                           = $9AB4 ; L parser
i_424                           = $9AD2 ; L parser
_respuestas                     = $9AF1 ; G juego_compressed
i_11                            = $9B00 ; L juego_compressed
i_13                            = $9B1F ; L juego_compressed
i_14_i_13                       = $9B22 ; L juego_compressed
i_12                            = $9B32 ; L juego_compressed
i_16                            = $9B3E ; L juego_compressed
i_17_i_16                       = $9B41 ; L juego_compressed
i_15                            = $9B51 ; L juego_compressed
i_19                            = $9B5D ; L juego_compressed
i_20_i_19                       = $9B60 ; L juego_compressed
i_21                            = $9B7D ; L juego_compressed
i_18                            = $9B9A ; L juego_compressed
i_22                            = $9B9A ; L juego_compressed
i_23                            = $9B9A ; L juego_compressed
i_24                            = $9B9A ; L juego_compressed
i_25                            = $9B9A ; L juego_compressed
i_26                            = $9B9A ; L juego_compressed
i_27                            = $9B9A ; L juego_compressed
i_28                            = $9B9A ; L juego_compressed
i_29                            = $9B9A ; L juego_compressed
i_30                            = $9B9A ; L juego_compressed
_respuestas_post                = $9BA2 ; G juego_compressed
_proceso1                       = $9BA3 ; G juego_compressed
_proceso1_post                  = $9BA4 ; G juego_compressed
_proceso2                       = $9BA5 ; G juego_compressed
_main                           = $9BA6 ; G juego_compressed
__bss_compiler_head             = $9BE1 ; G 
__code_compiler_tail            = $9BE1 ; G 
_flags                          = $9BE1 ; G parser
_playerInput                    = $9CE0 ; G parser
_playerWord                     = $9D30 ; G parser
_TextWindow                     = $9D49 ; G parser
_GraphWindow                    = $9D4D ; G parser
_gNUM_OBJECTS                   = $9D51 ; G parser
_gNUM_LOC                       = $9D52 ; G parser
_gLAST_OBJECT_NUMBER            = $9D53 ; G parser
_gNUM_IMG                       = $9D54 ; G parser
_gDONE_FLAG                     = $9D55 ; G parser
_gDESCRIBE_LOCATION_FLAG        = $9D56 ; G parser
_gIN_RESPONSE                   = $9D57 ; G parser
_gSUCCESS                       = $9D58 ; G parser
_gDOALL_FLAG                    = $9D59 ; G parser
_gPROCESS_IN_DOALL              = $9D5A ; G parser
_gCURRENT_PROCESS               = $9D5B ; G parser
__bss_compiler_tail             = $9D5C ; G 
__rodata_compiler_head          = $9D5C ; G 
_symbol_list                    = $9D5C ; G parser
i_1                             = $9E44 ; L parser
i_1                             = $A1FB ; L juego_compressed
__data_compiler_head            = $CE0D ; G 
__rodata_compiler_tail          = $CE0D ; G 
_playerPrompt                   = $CE0D ; G parser
_gDEBUGGER                      = $CE0F ; G parser
_gGRAPHICSON                    = $CE10 ; G parser
_gSOUNDSON                      = $CE11 ; G parser
_gINTERRUPTDISABLED             = $CE12 ; G parser
_gSHOWWARNINGS                  = $CE13 ; G parser
_ginEND                         = $CE14 ; G parser
_ginQUIT                        = $CE15 ; G parser
_gENTRY_FOR_DOALL               = $CE16 ; G parser
_verbos_debug_t                 = $CE17 ; G parser
_adjetivos_t                    = $CE3E ; G parser
_adverbios_t                    = $CE62 ; G parser
_preposiciones_t                = $CE77 ; G parser
_pronombres_t                   = $CEB9 ; G parser
_conjunciones_t                 = $CEDA ; G parser
_imagenes_t                     = $CEF2 ; G juego_compressed
_localidades_t                  = $CEF6 ; G juego_compressed
_conexiones_t                   = $CF46 ; G juego_compressed
_mensajes_t                     = $CFA9 ; G juego_compressed
_mensajesSistema_t              = $D0B1 ; G juego_compressed
_nombres_t                      = $D189 ; G juego_compressed
_verbos_t                       = $D213 ; G juego_compressed
_objetos_t                      = $D411 ; G juego_compressed
_ordenador_t                    = $D474 ; G juego_compressed
__code_clib_head                = $D5AC ; G 
__data_compiler_tail            = $D5AC ; G 
_atoi                           = $D5AC ; G atoi
atoi                            = $D5AC ; G atoi
asm_isspace                     = $D5C6 ; G asm_isspace
_utoa                           = $D5D8 ; G utoa
utoa                            = $D5D8 ; G utoa
_utoa_callee                    = $D5E3 ; G utoa_callee
utoa_callee                     = $D5E3 ; G utoa_callee
asmentry                        = $D5E8 ; L utoa_callee
_itoa_callee                    = $D5FB ; G itoa_callee
itoa_callee                     = $D5FB ; G itoa_callee
asmentry                        = $D600 ; L itoa_callee
negative                        = $D614 ; L itoa_callee
libentry                        = $D61F ; L itoa_callee
notneg                          = $D61F ; L itoa_callee
loop                            = $D620 ; L itoa_callee
nowrite0                        = $D636 ; L itoa_callee
exit0                           = $D647 ; L itoa_callee
exit1                           = $D64B ; L itoa_callee
_memset_callee                  = $D64E ; G memset_callee
memset_callee                   = $D64E ; G memset_callee
asmentry                        = $D652 ; L memset_callee
_strncmp_callee                 = $D662 ; G strncmp_callee
strncmp_callee                  = $D662 ; G strncmp_callee
asmentry                        = $D666 ; L strncmp_callee
strncmp1                        = $D66A ; L strncmp_callee
equal                           = $D677 ; L strncmp_callee
different                       = $D67B ; L strncmp_callee
_strrev                         = $D682 ; G strrev
strrev                          = $D682 ; G strrev
revlp                           = $D699 ; L strrev
exit                            = $D6A2 ; L strrev
__code_clib_tail                = $D6A4 ; G 
__code_crt0_sccz80_head         = $D6A4 ; G 
l_asl                           = $D6A4 ; G l_asl
l_asl1                          = $D6A5 ; L l_asl
l_deneg                         = $D6AB ; G l_deneg
l_div_u                         = $D6B3 ; G l_div_u
entry                           = $D6B7 ; L l_div_u
l_div1                          = $D6BE ; L l_div_u
l_div2                          = $D6C8 ; L l_div_u
l_eq                            = $D6D2 ; G l_eq
l_gint                          = $D6DC ; G l_gint
l_gintsp                        = $D6E1 ; G l_gintsp
l_gintspsp                      = $D6E9 ; G l_gintspsp
l_glong                         = $D6F2 ; G l_glong
l_glongsp                       = $D6FC ; G l_glongsp
l_lneg                          = $D70D ; G l_lneg
l_mult                          = $D716 ; G l_mul
l_mult1                         = $D71D ; L l_mul
l_mult2                         = $D724 ; L l_mul
l_ne                            = $D727 ; G l_ne
l_neg                           = $D732 ; G l_neg
l_or                            = $D73A ; G l_or
l_pint_pop                      = $D741 ; G l_pint_pop
l_pint                          = $D747 ; G l_pint
l_plong                         = $D74D ; G l_plong
l_sxt                           = $D759 ; G l_sxt
l_uge                           = $D75E ; G l_uge
l_compare_result                = $D76A ; G l_compare_result
l_ugt                           = $D770 ; G l_ugt
l_ule                           = $D77A ; G l_ule
l_ult                           = $D786 ; G l_ult
l_long_and                      = $D790 ; G l_long_and
l_long_lneg                     = $D7A2 ; G l_long_lneg
l_long_lneg1                    = $D7AE ; L l_long_lneg
l_long_or                       = $D7B1 ; G l_long_or
l_long_ugt                      = $D7C3 ; G l_long_ugt
l_long_ugt1                     = $D7CA ; L l_long_ugt
l_long_ucmp                     = $D7CC ; G l_long_ucmp
l_long_ucmp1                    = $D7F2 ; L l_long_ucmp
l_long_xor                      = $D7FB ; G l_long_xor
__code_crt0_sccz80_tail         = $D80D ; G 
__tail                          = $D80D ; G 
